Archive member included to satisfy reference by file (symbol)

/opt/st/stm32cubeide_2.2.0/plugins/com.st.stm32cube.ide.mcu.externaltools.gnu-tools-for-stm32.14.3.rel1.linux64_1.0.100.202602081740/tools/bin/../lib/gcc/arm-none-eabi/14.3.1/../../../../arm-none-eabi/lib/thumb/v6-m/nofp/libc_nano.a(libc_a-exit.o)
                              /opt/st/stm32cubeide_2.2.0/plugins/com.st.stm32cube.ide.mcu.externaltools.gnu-tools-for-stm32.14.3.rel1.linux64_1.0.100.202602081740/tools/bin/../lib/gcc/arm-none-eabi/14.3.1/../../../../arm-none-eabi/lib/thumb/v6-m/nofp/crt0.o (exit)
/opt/st/stm32cubeide_2.2.0/plugins/com.st.stm32cube.ide.mcu.externaltools.gnu-tools-for-stm32.14.3.rel1.linux64_1.0.100.202602081740/tools/bin/../lib/gcc/arm-none-eabi/14.3.1/../../../../arm-none-eabi/lib/thumb/v6-m/nofp/libc_nano.a(libc_a-findfp.o)
                              /opt/st/stm32cubeide_2.2.0/plugins/com.st.stm32cube.ide.mcu.externaltools.gnu-tools-for-stm32.14.3.rel1.linux64_1.0.100.202602081740/tools/bin/../lib/gcc/arm-none-eabi/14.3.1/../../../../arm-none-eabi/lib/thumb/v6-m/nofp/libc_nano.a(libc_a-exit.o) (__stdio_exit_handler)
/opt/st/stm32cubeide_2.2.0/plugins/com.st.stm32cube.ide.mcu.externaltools.gnu-tools-for-stm32.14.3.rel1.linux64_1.0.100.202602081740/tools/bin/../lib/gcc/arm-none-eabi/14.3.1/../../../../arm-none-eabi/lib/thumb/v6-m/nofp/libc_nano.a(libc_a-fwalk.o)
                              /opt/st/stm32cubeide_2.2.0/plugins/com.st.stm32cube.ide.mcu.externaltools.gnu-tools-for-stm32.14.3.rel1.linux64_1.0.100.202602081740/tools/bin/../lib/gcc/arm-none-eabi/14.3.1/../../../../arm-none-eabi/lib/thumb/v6-m/nofp/libc_nano.a(libc_a-findfp.o) (_fwalk_sglue)
/opt/st/stm32cubeide_2.2.0/plugins/com.st.stm32cube.ide.mcu.externaltools.gnu-tools-for-stm32.14.3.rel1.linux64_1.0.100.202602081740/tools/bin/../lib/gcc/arm-none-eabi/14.3.1/../../../../arm-none-eabi/lib/thumb/v6-m/nofp/libc_nano.a(libc_a-snprintf.o)
                              ./Application/User/Core/main.o (snprintf)
/opt/st/stm32cubeide_2.2.0/plugins/com.st.stm32cube.ide.mcu.externaltools.gnu-tools-for-stm32.14.3.rel1.linux64_1.0.100.202602081740/tools/bin/../lib/gcc/arm-none-eabi/14.3.1/../../../../arm-none-eabi/lib/thumb/v6-m/nofp/libc_nano.a(libc_a-stdio.o)
                              /opt/st/stm32cubeide_2.2.0/plugins/com.st.stm32cube.ide.mcu.externaltools.gnu-tools-for-stm32.14.3.rel1.linux64_1.0.100.202602081740/tools/bin/../lib/gcc/arm-none-eabi/14.3.1/../../../../arm-none-eabi/lib/thumb/v6-m/nofp/libc_nano.a(libc_a-findfp.o) (__sread)
/opt/st/stm32cubeide_2.2.0/plugins/com.st.stm32cube.ide.mcu.externaltools.gnu-tools-for-stm32.14.3.rel1.linux64_1.0.100.202602081740/tools/bin/../lib/gcc/arm-none-eabi/14.3.1/../../../../arm-none-eabi/lib/thumb/v6-m/nofp/libc_nano.a(libc_a-memset.o)
                              /opt/st/stm32cubeide_2.2.0/plugins/com.st.stm32cube.ide.mcu.externaltools.gnu-tools-for-stm32.14.3.rel1.linux64_1.0.100.202602081740/tools/bin/../lib/gcc/arm-none-eabi/14.3.1/../../../../arm-none-eabi/lib/thumb/v6-m/nofp/crt0.o (memset)
/opt/st/stm32cubeide_2.2.0/plugins/com.st.stm32cube.ide.mcu.externaltools.gnu-tools-for-stm32.14.3.rel1.linux64_1.0.100.202602081740/tools/bin/../lib/gcc/arm-none-eabi/14.3.1/../../../../arm-none-eabi/lib/thumb/v6-m/nofp/libc_nano.a(libc_a-closer.o)
                              /opt/st/stm32cubeide_2.2.0/plugins/com.st.stm32cube.ide.mcu.externaltools.gnu-tools-for-stm32.14.3.rel1.linux64_1.0.100.202602081740/tools/bin/../lib/gcc/arm-none-eabi/14.3.1/../../../../arm-none-eabi/lib/thumb/v6-m/nofp/libc_nano.a(libc_a-stdio.o) (_close_r)
/opt/st/stm32cubeide_2.2.0/plugins/com.st.stm32cube.ide.mcu.externaltools.gnu-tools-for-stm32.14.3.rel1.linux64_1.0.100.202602081740/tools/bin/../lib/gcc/arm-none-eabi/14.3.1/../../../../arm-none-eabi/lib/thumb/v6-m/nofp/libc_nano.a(libc_a-reent.o)
                              /opt/st/stm32cubeide_2.2.0/plugins/com.st.stm32cube.ide.mcu.externaltools.gnu-tools-for-stm32.14.3.rel1.linux64_1.0.100.202602081740/tools/bin/../lib/gcc/arm-none-eabi/14.3.1/../../../../arm-none-eabi/lib/thumb/v6-m/nofp/libc_nano.a(libc_a-closer.o) (errno)
/opt/st/stm32cubeide_2.2.0/plugins/com.st.stm32cube.ide.mcu.externaltools.gnu-tools-for-stm32.14.3.rel1.linux64_1.0.100.202602081740/tools/bin/../lib/gcc/arm-none-eabi/14.3.1/../../../../arm-none-eabi/lib/thumb/v6-m/nofp/libc_nano.a(libc_a-impure.o)
                              /opt/st/stm32cubeide_2.2.0/plugins/com.st.stm32cube.ide.mcu.externaltools.gnu-tools-for-stm32.14.3.rel1.linux64_1.0.100.202602081740/tools/bin/../lib/gcc/arm-none-eabi/14.3.1/../../../../arm-none-eabi/lib/thumb/v6-m/nofp/libc_nano.a(libc_a-snprintf.o) (_impure_ptr)
/opt/st/stm32cubeide_2.2.0/plugins/com.st.stm32cube.ide.mcu.externaltools.gnu-tools-for-stm32.14.3.rel1.linux64_1.0.100.202602081740/tools/bin/../lib/gcc/arm-none-eabi/14.3.1/../../../../arm-none-eabi/lib/thumb/v6-m/nofp/libc_nano.a(libc_a-lseekr.o)
[...]
Memory Configuration

Name             Origin             Length             Attributes
RAM              0x20000000         0x00003000         xrw
FLASH            0x08000000         0x00010000         xr
*default*        0x00000000         0xffffffff

Linker script and memory map

LOAD /opt/st/stm32cubeide_2.2.0/plugins/com.st.stm32cube.ide.mcu.externaltools.gnu-tools-for-stm32.14.3.rel1.linux64_1.0.100.202602081740/tools/bin/../lib/gcc/arm-none-eabi/14.3.1/thumb/v6-m/nofp/crti.o
LOAD /opt/st/stm32cubeide_2.2.0/plugins/com.st.stm32cube.ide.mcu.externaltools.gnu-tools-for-stm32.14.3.rel1.linux64_1.0.100.202602081740/tools/bin/../lib/gcc/arm-none-eabi/14.3.1/thumb/v6-m/nofp/crtbegin.o
LOAD /opt/st/stm32cubeide_2.2.0/plugins/com.st.stm32cube.ide.mcu.externaltools.gnu-tools-for-stm32.14.3.rel1.linux64_1.0.100.202602081740/tools/bin/../lib/gcc/arm-none-eabi/14.3.1/../../../../arm-none-eabi/lib/thumb/v6-m/nofp/crt0.o
LOAD ./Application/User/Core/main.o
LOAD ./Application/User/Core/stm32u0xx_hal_msp.o
LOAD ./Application/User/Core/stm32u0xx_it.o
LOAD ./Application/User/Core/syscalls.o
LOAD ./Application/User/Core/sysmem.o
LOAD ./Application/User/Startup/startup_stm32u031f8px.o
LOAD ./Drivers/CMSIS/system_stm32u0xx.o
LOAD ./Drivers/STM32U0xx_HAL_Driver/stm32u0xx_hal.o
LOAD ./Drivers/STM32U0xx_HAL_Driver/stm32u0xx_hal_adc.o
LOAD ./Drivers/STM32U0xx_HAL_Driver/stm32u0xx_hal_adc_ex.o
LOAD ./Drivers/STM32U0xx_HAL_Driver/stm32u0xx_hal_cortex.o
LOAD ./Drivers/STM32U0xx_HAL_Driver/stm32u0xx_hal_dma.o
LOAD ./Drivers/STM32U0xx_HAL_Driver/stm32u0xx_hal_dma_ex.o
LOAD ./Drivers/STM32U0xx_HAL_Driver/stm32u0xx_hal_exti.o
LOAD ./Drivers/STM32U0xx_HAL_Driver/stm32u0xx_hal_flash.o
LOAD ./Drivers/STM32U0xx_HAL_Driver/stm32u0xx_hal_flash_ex.o
LOAD ./Drivers/STM32U0xx_HAL_Driver/stm32u0xx_hal_gpio.o
LOAD ./Drivers/STM32U0xx_HAL_Driver/stm32u0xx_hal_pwr.o
LOAD ./Drivers/STM32U0xx_HAL_Driver/stm32u0xx_hal_pwr_ex.o
LOAD ./Drivers/STM32U0xx_HAL_Driver/stm32u0xx_hal_rcc.o
LOAD ./Drivers/STM32U0xx_HAL_Driver/stm32u0xx_hal_rcc_ex.o
LOAD ./Drivers/STM32U0xx_HAL_Driver/stm32u0xx_hal_spi.o
LOAD ./Drivers/STM32U0xx_HAL_Driver/stm32u0xx_hal_spi_ex.o
LOAD ./Drivers/STM32U0xx_HAL_Driver/stm32u0xx_hal_tim.o
LOAD ./Drivers/STM32U0xx_HAL_Driver/stm32u0xx_hal_tim_ex.o
LOAD ./Drivers/STM32U0xx_HAL_Driver/stm32u0xx_hal_uart.o
LOAD ./Drivers/STM32U0xx_HAL_Driver/stm32u0xx_hal_uart_ex.o
LOAD ./Drivers/STM32U0xx_HAL_Driver/stm32u0xx_ll_adc.o
START GROUP
LOAD /opt/st/stm32cubeide_2.2.0/plugins/com.st.stm32cube.ide.mcu.externaltools.gnu-tools-for-stm32.14.3.rel1.linux64_1.0.100.202602081740/tools/bin/../lib/gcc/arm-none-eabi/14.3.1/../../../../arm-none-eabi/lib/thumb/v6-m/nofp/libc_nano.a
LOAD /opt/st/stm32cubeide_2.2.0/plugins/com.st.stm32cube.ide.mcu.externaltools.gnu-tools-for-stm32.14.3.rel1.linux64_1.0.100.202602081740/tools/bin/../lib/gcc/arm-none-eabi/14.3.1/../../../../arm-none-eabi/lib/thumb/v6-m/nofp/libm.a
END GROUP
START GROUP
LOAD /opt/st/stm32cubeide_2.2.0/plugins/com.st.stm32cube.ide.mcu.externaltools.gnu-tools-for-stm32.14.3.rel1.linux64_1.0.100.202602081740/tools/bin/../lib/gcc/arm-none-eabi/14.3.1/thumb/v6-m/nofp/libgcc.a
LOAD /opt/st/stm32cubeide_2.2.0/plugins/com.st.stm32cube.ide.mcu.externaltools.gnu-tools-for-stm32.14.3.rel1.linux64_1.0.100.202602081740/tools/bin/../lib/gcc/arm-none-eabi/14.3.1/../../../../arm-none-eabi/lib/thumb/v6-m/nofp/libc_nano.a
END GROUP
START GROUP
LOAD /opt/st/stm32cubeide_2.2.0/plugins/com.st.stm32cube.ide.mcu.externaltools.gnu-tools-for-stm32.14.3.rel1.linux64_1.0.100.202602081740/tools/bin/../lib/gcc/arm-none-eabi/14.3.1/thumb/v6-m/nofp/libgcc.a
LOAD /opt/st/stm32cubeide_2.2.0/plugins/com.st.stm32cube.ide.mcu.externaltools.gnu-tools-for-stm32.14.3.rel1.linux64_1.0.100.202602081740/tools/bin/../lib/gcc/arm-none-eabi/14.3.1/../../../../arm-none-eabi/lib/thumb/v6-m/nofp/libc_nano.a
LOAD /opt/st/stm32cubeide_2.2.0/plugins/com.st.stm32cube.ide.mcu.externaltools.gnu-tools-for-stm32.14.3.rel1.linux64_1.0.100.202602081740/tools/bin/../lib/gcc/arm-none-eabi/14.3.1/../../../../arm-none-eabi/lib/thumb/v6-m/nofp/libnosys.a
END GROUP
START GROUP
LOAD /opt/st/stm32cubeide_2.2.0/plugins/com.st.stm32cube.ide.mcu.externaltools.gnu-tools-for-stm32.14.3.rel1.linux64_1.0.100.202602081740/tools/bin/../lib/gcc/arm-none-eabi/14.3.1/thumb/v6-m/nofp/libgcc.a
LOAD /opt/st/stm32cubeide_2.2.0/plugins/com.st.stm32cube.ide.mcu.externaltools.gnu-tools-for-stm32.14.3.rel1.linux64_1.0.100.202602081740/tools/bin/../lib/gcc/arm-none-eabi/14.3.1/../../../../arm-none-eabi/lib/thumb/v6-m/nofp/libc_nano.a
LOAD /opt/st/stm32cubeide_2.2.0/plugins/com.st.stm32cube.ide.mcu.externaltools.gnu-tools-for-stm32.14.3.rel1.linux64_1.0.100.202602081740/tools/bin/../lib/gcc/arm-none-eabi/14.3.1/../../../../arm-none-eabi/lib/thumb/v6-m/nofp/libnosys.a
END GROUP
LOAD /opt/st/stm32cubeide_2.2.0/plugins/com.st.stm32cube.ide.mcu.externaltools.gnu-tools-for-stm32.14.3.rel1.linux64_1.0.100.202602081740/tools/bin/../lib/gcc/arm-none-eabi/14.3.1/thumb/v6-m/nofp/crtend.o
LOAD /opt/st/stm32cubeide_2.2.0/plugins/com.st.stm32cube.ide.mcu.externaltools.gnu-tools-for-stm32.14.3.rel1.linux64_1.0.100.202602081740/tools/bin/../lib/gcc/arm-none-eabi/14.3.1/thumb/v6-m/nofp/crtn.o
                0x20003000                        _estack = (ORIGIN (RAM) + LENGTH (RAM))
                0x00000200                        _Min_Heap_Size = 0x200
                0x00000400                        _Min_Stack_Size = 0x400

.isr_vector     0x08000000       0xc0
                0x08000000                        . = ALIGN (0x4)
 *(.isr_vector)
 .isr_vector    0x08000000       0xc0 ./Application/User/Startup/startup_stm32u031f8px.o
                0x08000000                g_pfnVectors
                0x080000c0                        . = ALIGN (0x4)

.text           0x080000c0     0x330c
                0x080000c0                        . = ALIGN (0x4)
 *(.text)
 .text          0x080000c0       0x48 /opt/st/stm32cubeide_2.2.0/plugins/com.st.stm32cube.ide.mcu.externaltools.gnu-tools-for-stm32.14.3.rel1.linux64_1.0.100.202602081740/tools/bin/../lib/gcc/arm-none-eabi/14.3.1/thumb/v6-m/nofp/crtbegin.o
 .text          0x08000108      0x114 /opt/st/stm32cubeide_2.2.0/plugins/com.st.stm32cube.ide.mcu.externaltools.gnu-tools-for-stm32.14.3.rel1.linux64_1.0.100.202602081740/tools/bin/../lib/gcc/arm-none-eabi/14.3.1/thumb/v6-m/nofp/libgcc.a(_udivsi3.o)
                0x08000108                __udivsi3
                0x08000108                __aeabi_uidiv
                0x08000214                __aeabi_uidivmod
 .text          0x0800021c        0x4 /opt/st/stm32cubeide_2.2.0/plugins/com.st.stm32cube.ide.mcu.externaltools.gnu-tools-for-stm32.14.3.rel1.linux64_1.0.100.202602081740/tools/bin/../lib/gcc/arm-none-eabi/14.3.1/thumb/v6-m/nofp/libgcc.a(_dvmd_tls.o)
                0x0800021c                __aeabi_ldiv0
                0x0800021c                __aeabi_idiv0
 .text          0x08000220       0x3c /opt/st/stm32cubeide_2.2.0/plugins/com.st.stm32cube.ide.mcu.externaltools.gnu-tools-for-stm32.14.3.rel1.linux64_1.0.100.202602081740/tools/bin/../lib/gcc/arm-none-eabi/14.3.1/thumb/v6-m/nofp/libgcc.a(_clzsi2.o)
                0x08000220                __clzsi2
 .text          0x0800025c      0x22c /opt/st/stm32cubeide_2.2.0/plugins/com.st.stm32cube.ide.mcu.externaltools.gnu-tools-for-stm32.14.3.rel1.linux64_1.0.100.202602081740/tools/bin/../lib/gcc/arm-none-eabi/14.3.1/thumb/v6-m/nofp/libgcc.a(divsf3.o)
                0x0800025c                __aeabi_fdiv
 .text          0x08000488       0xa0 /opt/st/stm32cubeide_2.2.0/plugins/com.st.stm32cube.ide.mcu.externaltools.gnu-tools-for-stm32.14.3.rel1.linux64_1.0.100.202602081740/tools/bin/../lib/gcc/arm-none-eabi/14.3.1/thumb/v6-m/nofp/libgcc.a(floatsisf.o)
                0x08000488                __aeabi_i2f
 *(.text*)
 .text.W25Q64_CS_High
                0x08000528       0x1c ./Application/User/Core/main.o
 .text.W25Q64_Init
                0x08000544       0x24 ./Application/User/Core/main.o
                0x08000544                W25Q64_Init
 .text.DHT22_DelayUs
                0x08000568       0x38 ./Application/User/Core/main.o
 .text.DHT22_SetOutput
                0x080005a0       0x48 ./Application/User/Core/main.o
 .text.DHT22_SetInput
                0x080005e8       0x40 ./Application/User/Core/main.o
 .text.DHT22_Write
                0x08000628       0x28 ./Application/User/Core/main.o
 .text.DHT22_ReadPin
                0x08000650       0x20 ./Application/User/Core/main.o
 .text.DHT22_WaitForLevel
                0x08000670       0x58 ./Application/User/Core/main.o
 .text.DHT22_Init
                0x080006c8       0x24 ./Application/User/Core/main.o
                0x080006c8                DHT22_Init
 .text.DHT22_Read
                0x080006ec      0x21c ./Application/User/Core/main.o
                0x080006ec                DHT22_Read
 .text.DHT22_Demo
                0x08000908       0x2a ./Application/User/Core/main.o
                0x08000908                DHT22_Demo
 *fill*         0x08000932        0x2 
 .text.main     0x08000934       0x44 ./Application/User/Core/main.o
                0x08000934                main
 .text.SystemClock_Config
                0x08000978       0x8a ./Application/User/Core/main.o
                0x08000978                SystemClock_Config
 *fill*         0x08000a02        0x2 
 .text.MX_ADC1_Init
                0x08000a04      0x110 ./Application/User/Core/main.o
 .text.MX_SPI2_Init
                0x08000b14       0x7c ./Application/User/Core/main.o
 .text.MX_TIM6_Init
                0x08000b90       0x78 ./Application/User/Core/main.o
 .text.MX_GPIO_Init
                0x08000c08      0x198 ./Application/User/Core/main.o
 .text.Error_Handler
                0x08000da0        0xc ./Application/User/Core/main.o
                0x08000da0                Error_Handler
 .text.HAL_MspInit
                0x08000dac       0x48 ./Application/User/Core/stm32u0xx_hal_msp.o
                0x08000dac                HAL_MspInit
 .text.HAL_ADC_MspInit
                0x08000df4       0xb8 ./Application/User/Core/stm32u0xx_hal_msp.o
                0x08000df4                HAL_ADC_MspInit
 .text.HAL_SPI_MspInit
                0x08000eac       0x98 ./Application/User/Core/stm32u0xx_hal_msp.o
                0x08000eac                HAL_SPI_MspInit
 .text.HAL_TIM_Base_MspInit
                0x08000f44       0x3c ./Application/User/Core/stm32u0xx_hal_msp.o
                0x08000f44                HAL_TIM_Base_MspInit
 .text.NMI_Handler
                0x08000f80        0x8 ./Application/User/Core/stm32u0xx_it.o
                0x08000f80                NMI_Handler
 .text.HardFault_Handler
                0x08000f88        0x8 ./Application/User/Core/stm32u0xx_it.o
                0x08000f88                HardFault_Handler
 .text.SVC_Handler
                0x08000f90        0xa ./Application/User/Core/stm32u0xx_it.o
                0x08000f90                SVC_Handler
 .text.PendSV_Handler
                0x08000f9a        0xa ./Application/User/Core/stm32u0xx_it.o
                0x08000f9a                PendSV_Handler
 .text.SysTick_Handler
                0x08000fa4        0xe ./Application/User/Core/stm32u0xx_it.o
                0x08000fa4                SysTick_Handler
 *fill*         0x08000fb2        0x2 
 .text.Reset_Handler
                0x08000fb4       0x50 ./Application/User/Startup/startup_stm32u031f8px.o
                0x08000fb4                Reset_Handler
 .text.Default_Handler
                0x08001004        0x2 ./Application/User/Startup/startup_stm32u031f8px.o
                0x08001004                I2C2_3_IRQHandler
                0x08001004                WWDG_IWDG_IRQHandler
                0x08001004                TIM1_CC_IRQHandler
                0x08001004                TSC_IRQHandler
                0x08001004                ADC_COMP1_IRQHandler
                0x08001004                I2C1_IRQHandler
                0x08001004                TIM7_LPTIM2_IRQHandler
                0x08001004                RCC_CRS_IRQHandler
                0x08001004                RTC_TAMP_IRQHandler
                0x08001004                DMA1_Ch4_7_DMAMUX_OVR_IRQHandler
                0x08001004                SPI1_IRQHandler
                0x08001004                EXTI2_3_IRQHandler
                0x08001004                USART2_LPUART2_IRQHandler
                0x08001004                USART4_IRQHandler
                0x08001004                TIM16_IRQHandler
                0x08001004                TIM3_IRQHandler
                0x08001004                EXTI4_15_IRQHandler
                0x08001004                DMA1_Channel1_IRQHandler
                0x08001004                Default_Handler
                0x08001004                TIM15_IRQHandler
                0x08001004                EXTI0_1_IRQHandler
                0x08001004                PVD_PVM_IRQHandler
                0x08001004                SPI2_IRQHandler
                0x08001004                RNG_IRQHandler
                0x08001004                TIM6_DAC_LPTIM1_IRQHandler
                0x08001004                TIM2_IRQHandler
                0x08001004                DMA1_Channel2_3_IRQHandler
                0x08001004                FLASH_ECC_IRQHandler
                0x08001004                USART3_LPUART1_IRQHandler
                0x08001004                USART1_IRQHandler
                0x08001004                TIM1_BRK_UP_TRG_COM_IRQHandler
 *fill*         0x08001006        0x2 
 .text.SystemInit
                0x08001008       0x58 ./Drivers/CMSIS/system_stm32u0xx.o
                0x08001008                SystemInit
 .text.HAL_Init
                0x08001060       0x2e ./Drivers/STM32U0xx_HAL_Driver/stm32u0xx_hal.o
                0x08001060                HAL_Init
 *fill*         0x0800108e        0x2 
 .text.HAL_InitTick
                0x08001090       0x94 ./Drivers/STM32U0xx_HAL_Driver/stm32u0xx_hal.o
                0x08001090                HAL_InitTick
 .text.HAL_IncTick
                0x08001124       0x24 ./Drivers/STM32U0xx_HAL_Driver/stm32u0xx_hal.o
                0x08001124                HAL_IncTick
 .text.HAL_GetTick
                0x08001148       0x14 ./Drivers/STM32U0xx_HAL_Driver/stm32u0xx_hal.o
                0x08001148                HAL_GetTick
 .text.HAL_Delay
                0x0800115c       0x48 ./Drivers/STM32U0xx_HAL_Driver/stm32u0xx_hal.o
                0x0800115c                HAL_Delay
 .text.LL_ADC_SetCommonPathInternalCh
                0x080011a4       0x28 ./Drivers/STM32U0xx_HAL_Driver/stm32u0xx_hal_adc.o
 .text.LL_ADC_GetCommonPathInternalCh
                0x080011cc       0x1a ./Drivers/STM32U0xx_HAL_Driver/stm32u0xx_hal_adc.o
 .text.LL_ADC_SetSamplingTimeCommonChannels
                0x080011e6       0x3a ./Drivers/STM32U0xx_HAL_Driver/stm32u0xx_hal_adc.o
 .text.LL_ADC_GetSamplingTimeCommonChannels
                0x08001220       0x2e ./Drivers/STM32U0xx_HAL_Driver/stm32u0xx_hal_adc.o
 .text.LL_ADC_REG_SetSequencerRanks
                0x0800124e       0x40 ./Drivers/STM32U0xx_HAL_Driver/stm32u0xx_hal_adc.o
 .text.LL_ADC_REG_SetSequencerChAdd
                0x0800128e       0x22 ./Drivers/STM32U0xx_HAL_Driver/stm32u0xx_hal_adc.o
 .text.LL_ADC_REG_SetSequencerChRem
                0x080012b0       0x24 ./Drivers/STM32U0xx_HAL_Driver/stm32u0xx_hal_adc.o
 .text.LL_ADC_SetChannelSamplingTime
                0x080012d4       0x38 ./Drivers/STM32U0xx_HAL_Driver/stm32u0xx_hal_adc.o
 .text.LL_ADC_EnableInternalRegulator
                0x0800130c       0x28 ./Drivers/STM32U0xx_HAL_Driver/stm32u0xx_hal_adc.o
 .text.LL_ADC_IsInternalRegulatorEnabled
                0x08001334       0x28 ./Drivers/STM32U0xx_HAL_Driver/stm32u0xx_hal_adc.o
 .text.LL_ADC_IsEnabled
                0x0800135c       0x22 ./Drivers/STM32U0xx_HAL_Driver/stm32u0xx_hal_adc.o
 .text.LL_ADC_REG_IsConversionOngoing
                0x0800137e       0x22 ./Drivers/STM32U0xx_HAL_Driver/stm32u0xx_hal_adc.o
 .text.HAL_ADC_Init
                0x080013a0      0x350 ./Drivers/STM32U0xx_HAL_Driver/stm32u0xx_hal_adc.o
                0x080013a0                HAL_ADC_Init
 .text.HAL_ADC_ConfigChannel
                0x080016f0      0x2d8 ./Drivers/STM32U0xx_HAL_Driver/stm32u0xx_hal_adc.o
                0x080016f0                HAL_ADC_ConfigChannel
 .text.__NVIC_SetPriority
                0x080019c8       0xdc ./Drivers/STM32U0xx_HAL_Driver/stm32u0xx_hal_cortex.o
 .text.SysTick_Config
                0x08001aa4       0x48 ./Drivers/STM32U0xx_HAL_Driver/stm32u0xx_hal_cortex.o
 .text.HAL_NVIC_SetPriority
                0x08001aec       0x2a ./Drivers/STM32U0xx_HAL_Driver/stm32u0xx_hal_cortex.o
                0x08001aec                HAL_NVIC_SetPriority
 .text.HAL_SYSTICK_Config
                0x08001b16       0x1a ./Drivers/STM32U0xx_HAL_Driver/stm32u0xx_hal_cortex.o
                0x08001b16                HAL_SYSTICK_Config
 .text.HAL_GPIO_Init
                0x08001b30      0x2d8 ./Drivers/STM32U0xx_HAL_Driver/stm32u0xx_hal_gpio.o
                0x08001b30                HAL_GPIO_Init
 .text.HAL_GPIO_ReadPin
                0x08001e08       0x3a ./Drivers/STM32U0xx_HAL_Driver/stm32u0xx_hal_gpio.o
                0x08001e08                HAL_GPIO_ReadPin
 .text.HAL_GPIO_WritePin
                0x08001e42       0x3a ./Drivers/STM32U0xx_HAL_Driver/stm32u0xx_hal_gpio.o
                0x08001e42                HAL_GPIO_WritePin
 .text.HAL_PWREx_ControlVoltageScaling
                0x08001e7c       0xc0 ./Drivers/STM32U0xx_HAL_Driver/stm32u0xx_hal_pwr_ex.o
                0x08001e7c                HAL_PWREx_ControlVoltageScaling
 .text.HAL_PWREx_GetVoltageRange
                0x08001f3c       0x18 ./Drivers/STM32U0xx_HAL_Driver/stm32u0xx_hal_pwr_ex.o
                0x08001f3c                HAL_PWREx_GetVoltageRange
 .text.HAL_RCC_OscConfig
                0x08001f54      0x7cc ./Drivers/STM32U0xx_HAL_Driver/stm32u0xx_hal_rcc.o
                0x08001f54                HAL_RCC_OscConfig
 .text.HAL_RCC_ClockConfig
                0x08002720      0x1d8 ./Drivers/STM32U0xx_HAL_Driver/stm32u0xx_hal_rcc.o
                0x08002720                HAL_RCC_ClockConfig
 .text.HAL_RCC_GetSysClockFreq
                0x080028f8      0x138 ./Drivers/STM32U0xx_HAL_Driver/stm32u0xx_hal_rcc.o
                0x080028f8                HAL_RCC_GetSysClockFreq
 .text.RCC_SetFlashLatencyFromMSIRange
                0x08002a30       0xd8 ./Drivers/STM32U0xx_HAL_Driver/stm32u0xx_hal_rcc.o
 .text.HAL_RCCEx_PeriphCLKConfig
                0x08002b08      0x3c8 ./Drivers/STM32U0xx_HAL_Driver/stm32u0xx_hal_rcc_ex.o
                0x08002b08                HAL_RCCEx_PeriphCLKConfig
 .text.HAL_SPI_Init
                0x08002ed0      0x15c ./Drivers/STM32U0xx_HAL_Driver/stm32u0xx_hal_spi.o
                0x08002ed0                HAL_SPI_Init
 .text.HAL_TIM_Base_Init
                0x0800302c       0xb0 ./Drivers/STM32U0xx_HAL_Driver/stm32u0xx_hal_tim.o
                0x0800302c                HAL_TIM_Base_Init
 .text.HAL_TIM_Base_Start
                0x080030dc       0xa8 ./Drivers/STM32U0xx_HAL_Driver/stm32u0xx_hal_tim.o
                0x080030dc                HAL_TIM_Base_Start
 .text.TIM_Base_SetConfig
                0x08003184       0xfc ./Drivers/STM32U0xx_HAL_Driver/stm32u0xx_hal_tim.o
                0x08003184                TIM_Base_SetConfig
 .text.HAL_TIMEx_MasterConfigSynchronization
                0x08003280       0xdc ./Drivers/STM32U0xx_HAL_Driver/stm32u0xx_hal_tim_ex.o
                0x08003280                HAL_TIMEx_MasterConfigSynchronization
 .text.memset   0x0800335c       0x10 /opt/st/stm32cubeide_2.2.0/plugins/com.st.stm32cube.ide.mcu.externaltools.gnu-tools-for-stm32.14.3.rel1.linux64_1.0.100.202602081740/tools/bin/../lib/gcc/arm-none-eabi/14.3.1/../../../../arm-none-eabi/lib/thumb/v6-m/nofp/libc_nano.a(libc_a-memset.o)
                0x0800335c                memset
 .text.__libc_init_array
                0x0800336c       0x48 /opt/st/stm32cubeide_2.2.0/plugins/com.st.stm32cube.ide.mcu.externaltools.gnu-tools-for-stm32.14.3.rel1.linux64_1.0.100.202602081740/tools/bin/../lib/gcc/arm-none-eabi/14.3.1/../../../../arm-none-eabi/lib/thumb/v6-m/nofp/libc_nano.a(libc_a-init.o)
                0x0800336c                __libc_init_array
 *(.glue_7)
 .glue_7        0x080033b4        0x0 linker stubs
 *(.glue_7t)
 .glue_7t       0x080033b4        0x0 linker stubs
 *(.eh_frame)
 .eh_frame      0x080033b4        0x0 /opt/st/stm32cubeide_2.2.0/plugins/com.st.stm32cube.ide.mcu.externaltools.gnu-tools-for-stm32.14.3.rel1.linux64_1.0.100.202602081740/tools/bin/../lib/gcc/arm-none-eabi/14.3.1/thumb/v6-m/nofp/crtbegin.o
 *(.init)
 .init          0x080033b4        0x4 /opt/st/stm32cubeide_2.2.0/plugins/com.st.stm32cube.ide.mcu.externaltools.gnu-tools-for-stm32.14.3.rel1.linux64_1.0.100.202602081740/tools/bin/../lib/gcc/arm-none-eabi/14.3.1/thumb/v6-m/nofp/crti.o
                0x080033b4                _init
 .init          0x080033b8        0x8 /opt/st/stm32cubeide_2.2.0/plugins/com.st.stm32cube.ide.mcu.externaltools.gnu-tools-for-stm32.14.3.rel1.linux64_1.0.100.202602081740/tools/bin/../lib/gcc/arm-none-eabi/14.3.1/thumb/v6-m/nofp/crtn.o
 *(.fini)
 .fini          0x080033c0        0x4 /opt/st/stm32cubeide_2.2.0/plugins/com.st.stm32cube.ide.mcu.externaltools.gnu-tools-for-stm32.14.3.rel1.linux64_1.0.100.202602081740/tools/bin/../lib/gcc/arm-none-eabi/14.3.1/thumb/v6-m/nofp/crti.o
                0x080033c0                _fini
 .fini          0x080033c4        0x8 /opt/st/stm32cubeide_2.2.0/plugins/com.st.stm32cube.ide.mcu.externaltools.gnu-tools-for-stm32.14.3.rel1.linux64_1.0.100.202602081740/tools/bin/../lib/gcc/arm-none-eabi/14.3.1/thumb/v6-m/nofp/crtn.o
                0x080033cc                        . = ALIGN (0x4)
                0x080033cc                        _etext = .

.vfp11_veneer   0x080033cc        0x0
 .vfp11_veneer  0x080033cc        0x0 linker stubs

.v4_bx          0x080033cc        0x0
 .v4_bx         0x080033cc        0x0 linker stubs

.iplt           0x080033cc        0x0
 .iplt          0x080033cc        0x0 /opt/st/stm32cubeide_2.2.0/plugins/com.st.stm32cube.ide.mcu.externaltools.gnu-tools-for-stm32.14.3.rel1.linux64_1.0.100.202602081740/tools/bin/../lib/gcc/arm-none-eabi/14.3.1/thumb/v6-m/nofp/crtbegin.o

.rodata         0x080033cc       0xbc
                0x080033cc                        . = ALIGN (0x4)
 *(.rodata)
 .rodata        0x080033cc       0x7c /opt/st/stm32cubeide_2.2.0/plugins/com.st.stm32cube.ide.mcu.externaltools.gnu-tools-for-stm32.14.3.rel1.linux64_1.0.100.202602081740/tools/bin/../lib/gcc/arm-none-eabi/14.3.1/thumb/v6-m/nofp/libgcc.a(divsf3.o)
 *(.rodata*)
 .rodata.AHBPrescTable
                0x08003448       0x10 ./Drivers/CMSIS/system_stm32u0xx.o
                0x08003448                AHBPrescTable
 .rodata.MSIRangeTable
                0x08003458       0x30 ./Drivers/CMSIS/system_stm32u0xx.o
                0x08003458                MSIRangeTable
                0x08003488                        . = ALIGN (0x4)

.ARM.extab      0x08003488        0x0
                0x08003488                        . = ALIGN (0x4)
 *(.ARM.extab* .gnu.linkonce.armextab.*)
                0x08003488                        . = ALIGN (0x4)

.ARM            0x08003488        0x0
                0x08003488                        . = ALIGN (0x4)
                0x08003488                        __exidx_start = .
 *(.ARM.exidx*)
                0x08003488                        __exidx_end = .
                0x08003488                        . = ALIGN (0x4)

.preinit_array  0x08003488        0x0
                0x08003488                        . = ALIGN (0x4)
                0x08003488                        PROVIDE (__preinit_array_start = .)
 *(.preinit_array*)
                0x08003488                        PROVIDE (__preinit_array_end = .)
                0x08003488                        . = ALIGN (0x4)

.init_array     0x08003488        0x4
                0x08003488                        . = ALIGN (0x4)
                0x08003488                        PROVIDE (__init_array_start = .)
 *(SORT_BY_NAME(.init_array.*))
 *(.init_array*)
 .init_array    0x08003488        0x4 /opt/st/stm32cubeide_2.2.0/plugins/com.st.stm32cube.ide.mcu.externaltools.gnu-tools-for-stm32.14.3.rel1.linux64_1.0.100.202602081740/tools/bin/../lib/gcc/arm-none-eabi/14.3.1/thumb/v6-m/nofp/crtbegin.o
                0x0800348c                        PROVIDE (__init_array_end = .)
                0x0800348c                        . = ALIGN (0x4)

.fini_array     0x0800348c        0x4
                0x0800348c                        . = ALIGN (0x4)
                [!provide]                        PROVIDE (__fini_array_start = .)
 *(SORT_BY_NAME(.fini_array.*))
 *(.fini_array*)
 .fini_array    0x0800348c        0x4 /opt/st/stm32cubeide_2.2.0/plugins/com.st.stm32cube.ide.mcu.externaltools.gnu-tools-for-stm32.14.3.rel1.linux64_1.0.100.202602081740/tools/bin/../lib/gcc/arm-none-eabi/14.3.1/thumb/v6-m/nofp/crtbegin.o
                [!provide]                        PROVIDE (__fini_array_end = .)
                0x08003490                        . = ALIGN (0x4)
                0x08003490                        _sidata = LOADADDR (.data)

.rel.dyn        0x08003490        0x0
 .rel.iplt      0x08003490        0x0 /opt/st/stm32cubeide_2.2.0/plugins/com.st.stm32cube.ide.mcu.externaltools.gnu-tools-for-stm32.14.3.rel1.linux64_1.0.100.202602081740/tools/bin/../lib/gcc/arm-none-eabi/14.3.1/thumb/v6-m/nofp/crtbegin.o

.data           0x20000000       0x10 load address 0x08003490
                0x20000000                        . = ALIGN (0x4)
                0x20000000                        _sdata = .
 *(.data)
 *(.data*)
 .data.g_dht22_status
                0x20000000        0x1 ./Application/User/Core/main.o
                0x20000000                g_dht22_status
 *fill*         0x20000001        0x3 
 .data.SystemCoreClock
                0x20000004        0x4 ./Drivers/CMSIS/system_stm32u0xx.o
                0x20000004                SystemCoreClock
 .data.uwTickPrio
                0x20000008        0x4 ./Drivers/STM32U0xx_HAL_Driver/stm32u0xx_hal.o
                0x20000008                uwTickPrio
 .data.uwTickFreq
                0x2000000c        0x1 ./Drivers/STM32U0xx_HAL_Driver/stm32u0xx_hal.o
                0x2000000c                uwTickFreq
 *(.RamFunc)
 *(.RamFunc*)
                0x20000010                        . = ALIGN (0x4)
 *fill*         0x2000000d        0x3 
                0x20000010                        _edata = .

.igot.plt       0x20000010        0x0 load address 0x080034a0
 .igot.plt      0x20000010        0x0 /opt/st/stm32cubeide_2.2.0/plugins/com.st.stm32cube.ide.mcu.externaltools.gnu-tools-for-stm32.14.3.rel1.linux64_1.0.100.202602081740/tools/bin/../lib/gcc/arm-none-eabi/14.3.1/thumb/v6-m/nofp/crtbegin.o
                0x20000010                        . = ALIGN (0x4)

.bss            0x20000010      0x14c load address 0x080034a0
                0x20000010                        _sbss = .
                0x20000010                        __bss_start__ = _sbss
 *(.bss)
 .bss           0x20000010       0x1c /opt/st/stm32cubeide_2.2.0/plugins/com.st.stm32cube.ide.mcu.externaltools.gnu-tools-for-stm32.14.3.rel1.linux64_1.0.100.202602081740/tools/bin/../lib/gcc/arm-none-eabi/14.3.1/thumb/v6-m/nofp/crtbegin.o
 *(.bss*)
 .bss.w25q64_spi
                0x2000002c        0x4 ./Application/User/Core/main.o
 .bss.dht_tim   0x20000030        0x4 ./Application/User/Core/main.o
 .bss.g_dht22_data
                0x20000034        0x8 ./Application/User/Core/main.o
                0x20000034                g_dht22_data
 .bss.g_dht22_raw
                0x2000003c        0x5 ./Application/User/Core/main.o
                0x2000003c                g_dht22_raw
 *fill*         0x20000041        0x3 
 .bss.hadc1     0x20000044       0x64 ./Application/User/Core/main.o
                0x20000044                hadc1
 .bss.hspi2     0x200000a8       0x64 ./Application/User/Core/main.o
                0x200000a8                hspi2
 .bss.htim6     0x2000010c       0x4c ./Application/User/Core/main.o
                0x2000010c                htim6
 .bss.uwTick    0x20000158        0x4 ./Drivers/STM32U0xx_HAL_Driver/stm32u0xx_hal.o
                0x20000158                uwTick
 *(COMMON)
                0x2000015c                        . = ALIGN (0x4)
                0x2000015c                        _ebss = .
                0x2000015c                        __bss_end__ = _ebss

._user_heap_stack
                0x2000015c      0x604 load address 0x080034a0
                0x20000160                        . = ALIGN (0x8)
 *fill*         0x2000015c        0x4 
                [!provide]                        PROVIDE (end = .)
                0x20000160                        PROVIDE (_end = .)
                0x20000360                        . = (. + _Min_Heap_Size)
 *fill*         0x20000160      0x200 
                0x20000760                        . = (. + _Min_Stack_Size)
 *fill*         0x20000360      0x400 
                0x20000760                        . = ALIGN (0x8)

/DISCARD/
 libc.a(*)
 libm.a(*)
 libgcc.a(*)

.ARM.attributes
                0x00000000       0x28
 *(.ARM.attributes)
 .ARM.attributes
                0x00000000       0x1e /opt/st/stm32cubeide_2.2.0/plugins/com.st.stm32cube.ide.mcu.externaltools.gnu-tools-for-stm32.14.3.rel1.linux64_1.0.100.202602081740/tools/bin/../lib/gcc/arm-none-eabi/14.3.1/thumb/v6-m/nofp/crti.o
 .ARM.attributes
                0x0000001e       0x2c /opt/st/stm32cubeide_2.2.0/plugins/com.st.stm32cube.ide.mcu.externaltools.gnu-tools-for-stm32.14.3.rel1.linux64_1.0.100.202602081740/tools/bin/../lib/gcc/arm-none-eabi/14.3.1/thumb/v6-m/nofp/crtbegin.o
 .ARM.attributes
                0x0000004a       0x2c ./Application/User/Core/main.o
 .ARM.attributes
                0x00000076       0x2c ./Application/User/Core/stm32u0xx_hal_msp.o
 .ARM.attributes
                0x000000a2       0x2c ./Application/User/Core/stm32u0xx_it.o
 .ARM.attributes
                0x000000ce       0x22 ./Application/User/Startup/startup_stm32u031f8px.o
 .ARM.attributes
                0x000000f0       0x2c ./Drivers/CMSIS/system_stm32u0xx.o
 .ARM.attributes
                0x0000011c       0x2c ./Drivers/STM32U0xx_HAL_Driver/stm32u0xx_hal.o
 .ARM.attributes
                0x00000148       0x2c ./Drivers/STM32U0xx_HAL_Driver/stm32u0xx_hal_adc.o
 .ARM.attributes
                0x00000174       0x2c ./Drivers/STM32U0xx_HAL_Driver/stm32u0xx_hal_cortex.o
 .ARM.attributes
                0x000001a0       0x2c ./Drivers/STM32U0xx_HAL_Driver/stm32u0xx_hal_gpio.o
 .ARM.attributes
                0x000001cc       0x2c ./Drivers/STM32U0xx_HAL_Driver/stm32u0xx_hal_pwr_ex.o
 .ARM.attributes
                0x000001f8       0x2c ./Drivers/STM32U0xx_HAL_Driver/stm32u0xx_hal_rcc.o
 .ARM.attributes
                0x00000224       0x2c ./Drivers/STM32U0xx_HAL_Driver/stm32u0xx_hal_rcc_ex.o
 .ARM.attributes
                0x00000250       0x2c ./Drivers/STM32U0xx_HAL_Driver/stm32u0xx_hal_spi.o
 .ARM.attributes
                0x0000027c       0x2c ./Drivers/STM32U0xx_HAL_Driver/stm32u0xx_hal_tim.o
 .ARM.attributes
                0x000002a8       0x2c ./Drivers/STM32U0xx_HAL_Driver/stm32u0xx_hal_tim_ex.o
 .ARM.attributes
                0x000002d4       0x2c /opt/st/stm32cubeide_2.2.0/plugins/com.st.stm32cube.ide.mcu.externaltools.gnu-tools-for-stm32.14.3.rel1.linux64_1.0.100.202602081740/tools/bin/../lib/gcc/arm-none-eabi/14.3.1/../../../../arm-none-eabi/lib/thumb/v6-m/nofp/libc_nano.a(libc_a-memset.o)
 .ARM.attributes
                0x00000300       0x2c /opt/st/stm32cubeide_2.2.0/plugins/com.st.stm32cube.ide.mcu.externaltools.gnu-tools-for-stm32.14.3.rel1.linux64_1.0.100.202602081740/tools/bin/../lib/gcc/arm-none-eabi/14.3.1/../../../../arm-none-eabi/lib/thumb/v6-m/nofp/libc_nano.a(libc_a-init.o)
 .ARM.attributes
                0x0000032c       0x1e /opt/st/stm32cubeide_2.2.0/plugins/com.st.stm32cube.ide.mcu.externaltools.gnu-tools-for-stm32.14.3.rel1.linux64_1.0.100.202602081740/tools/bin/../lib/gcc/arm-none-eabi/14.3.1/thumb/v6-m/nofp/libgcc.a(_udivsi3.o)
 .ARM.attributes
                0x0000034a       0x1e /opt/st/stm32cubeide_2.2.0/plugins/com.st.stm32cube.ide.mcu.externaltools.gnu-tools-for-stm32.14.3.rel1.linux64_1.0.100.202602081740/tools/bin/../lib/gcc/arm-none-eabi/14.3.1/thumb/v6-m/nofp/libgcc.a(_dvmd_tls.o)
 .ARM.attributes
                0x00000368       0x1e /opt/st/stm32cubeide_2.2.0/plugins/com.st.stm32cube.ide.mcu.externaltools.gnu-tools-for-stm32.14.3.rel1.linux64_1.0.100.202602081740/tools/bin/../lib/gcc/arm-none-eabi/14.3.1/thumb/v6-m/nofp/libgcc.a(_clzsi2.o)
 .ARM.attributes
                0x00000386       0x2c /opt/st/stm32cubeide_2.2.0/plugins/com.st.stm32cube.ide.mcu.externaltools.gnu-tools-for-stm32.14.3.rel1.linux64_1.0.100.202602081740/tools/bin/../lib/gcc/arm-none-eabi/14.3.1/thumb/v6-m/nofp/libgcc.a(divsf3.o)
 .ARM.attributes
                0x000003b2       0x2c /opt/st/stm32cubeide_2.2.0/plugins/com.st.stm32cube.ide.mcu.externaltools.gnu-tools-for-stm32.14.3.rel1.linux64_1.0.100.202602081740/tools/bin/../lib/gcc/arm-none-eabi/14.3.1/thumb/v6-m/nofp/libgcc.a(floatsisf.o)
 .ARM.attributes
                0x000003de       0x1e /opt/st/stm32cubeide_2.2.0/plugins/com.st.stm32cube.ide.mcu.externaltools.gnu-tools-for-stm32.14.3.rel1.linux64_1.0.100.202602081740/tools/bin/../lib/gcc/arm-none-eabi/14.3.1/thumb/v6-m/nofp/crtn.o
OUTPUT(Multi Modular Node.elf elf32-littlearm)
LOAD linker stubs
LOAD /opt/st/stm32cubeide_2.2.0/plugins/com.st.stm32cube.ide.mcu.externaltools.gnu-tools-for-stm32.14.3.rel1.linux64_1.0.100.202602081740/tools/bin/../lib/gcc/arm-none-eabi/14.3.1/../../../../arm-none-eabi/lib/thumb/v6-m/nofp/libc.a
LOAD /opt/st/stm32cubeide_2.2.0/plugins/com.st.stm32cube.ide.mcu.externaltools.gnu-tools-for-stm32.14.3.rel1.linux64_1.0.100.202602081740/tools/bin/../lib/gcc/arm-none-eabi/14.3.1/../../../../arm-none-eabi/lib/thumb/v6-m/nofp/libm.a
LOAD /opt/st/stm32cubeide_2.2.0/plugins/com.st.stm32cube.ide.mcu.externaltools.gnu-tools-for-stm32.14.3.rel1.linux64_1.0.100.202602081740/tools/bin/../lib/gcc/arm-none-eabi/14.3.1/thumb/v6-m/nofp/libgcc.a

.debug_info     0x00000000     0xeb20
 .debug_info    0x00000000     0x258f ./Application/User/Core/main.o
 .debug_info    0x0000258f     0x1392 ./Application/User/Core/stm32u0xx_hal_msp.o
 .debug_info    0x00003921      0x117 ./Application/User/Core/stm32u0xx_it.o
 .debug_info    0x00003a38       0x30 ./Application/User/Startup/startup_stm32u031f8px.o
 .debug_info    0x00003a68      0x66c ./Drivers/CMSIS/system_stm32u0xx.o
 .debug_info    0x000040d4      0x9b5 ./Drivers/STM32U0xx_HAL_Driver/stm32u0xx_hal.o
 .debug_info    0x00004a89     0x16f8 ./Drivers/STM32U0xx_HAL_Driver/stm32u0xx_hal_adc.o
 .debug_info    0x00006181      0x8e3 ./Drivers/STM32U0xx_HAL_Driver/stm32u0xx_hal_cortex.o
 .debug_info    0x00006a64      0x590 ./Drivers/STM32U0xx_HAL_Driver/stm32u0xx_hal_gpio.o
 .debug_info    0x00006ff4      0x7ed ./Drivers/STM32U0xx_HAL_Driver/stm32u0xx_hal_pwr_ex.o
 .debug_info    0x000077e1      0xc5d ./Drivers/STM32U0xx_HAL_Driver/stm32u0xx_hal_rcc.o
 .debug_info    0x0000843e      0xc1d ./Drivers/STM32U0xx_HAL_Driver/stm32u0xx_hal_rcc_ex.o
 .debug_info    0x0000905b     0x164c ./Drivers/STM32U0xx_HAL_Driver/stm32u0xx_hal_spi.o
 .debug_info    0x0000a6a7     0x2bb4 ./Drivers/STM32U0xx_HAL_Driver/stm32u0xx_hal_tim.o
 .debug_info    0x0000d25b     0x18c5 ./Drivers/STM32U0xx_HAL_Driver/stm32u0xx_hal_tim_ex.o

.debug_abbrev   0x00000000     0x212b
 .debug_abbrev  0x00000000      0x3d3 ./Application/User/Core/main.o
 .debug_abbrev  0x000003d3      0x204 ./Application/User/Core/stm32u0xx_hal_msp.o
 .debug_abbrev  0x000005d7       0xac ./Application/User/Core/stm32u0xx_it.o
 .debug_abbrev  0x00000683       0x24 ./Application/User/Startup/startup_stm32u031f8px.o
 .debug_abbrev  0x000006a7      0x117 ./Drivers/CMSIS/system_stm32u0xx.o
 .debug_abbrev  0x000007be      0x2ce ./Drivers/STM32U0xx_HAL_Driver/stm32u0xx_hal.o
 .debug_abbrev  0x00000a8c      0x2f1 ./Drivers/STM32U0xx_HAL_Driver/stm32u0xx_hal_adc.o
 .debug_abbrev  0x00000d7d      0x2ab ./Drivers/STM32U0xx_HAL_Driver/stm32u0xx_hal_cortex.o
 .debug_abbrev  0x00001028      0x1c8 ./Drivers/STM32U0xx_HAL_Driver/stm32u0xx_hal_gpio.o
 .debug_abbrev  0x000011f0      0x212 ./Drivers/STM32U0xx_HAL_Driver/stm32u0xx_hal_pwr_ex.o
 .debug_abbrev  0x00001402      0x2d7 ./Drivers/STM32U0xx_HAL_Driver/stm32u0xx_hal_rcc.o
 .debug_abbrev  0x000016d9      0x28e ./Drivers/STM32U0xx_HAL_Driver/stm32u0xx_hal_rcc_ex.o
 .debug_abbrev  0x00001967      0x280 ./Drivers/STM32U0xx_HAL_Driver/stm32u0xx_hal_spi.o
 .debug_abbrev  0x00001be7      0x29a ./Drivers/STM32U0xx_HAL_Driver/stm32u0xx_hal_tim.o
 .debug_abbrev  0x00001e81      0x2aa ./Drivers/STM32U0xx_HAL_Driver/stm32u0xx_hal_tim_ex.o

.debug_aranges  0x00000000     0x1040
 .debug_aranges
                0x00000000      0x160 ./Application/User/Core/main.o
 .debug_aranges
                0x00000160       0x50 ./Application/User/Core/stm32u0xx_hal_msp.o
 .debug_aranges
                0x000001b0       0x40 ./Application/User/Core/stm32u0xx_it.o
 .debug_aranges
                0x000001f0       0x28 ./Application/User/Startup/startup_stm32u031f8px.o
 .debug_aranges
                0x00000218       0x28 ./Drivers/CMSIS/system_stm32u0xx.o
 .debug_aranges
                0x00000240      0x130 ./Drivers/STM32U0xx_HAL_Driver/stm32u0xx_hal.o
 .debug_aranges
                0x00000370      0x200 ./Drivers/STM32U0xx_HAL_Driver/stm32u0xx_hal_adc.o
 .debug_aranges
                0x00000570       0xe8 ./Drivers/STM32U0xx_HAL_Driver/stm32u0xx_hal_cortex.o
 .debug_aranges
                0x00000658       0x60 ./Drivers/STM32U0xx_HAL_Driver/stm32u0xx_hal_gpio.o
 .debug_aranges
                0x000006b8      0x108 ./Drivers/STM32U0xx_HAL_Driver/stm32u0xx_hal_pwr_ex.o
 .debug_aranges
                0x000007c0       0x88 ./Drivers/STM32U0xx_HAL_Driver/stm32u0xx_hal_rcc.o
 .debug_aranges
                0x00000848       0xa8 ./Drivers/STM32U0xx_HAL_Driver/stm32u0xx_hal_rcc_ex.o
 .debug_aranges
                0x000008f0      0x1d8 ./Drivers/STM32U0xx_HAL_Driver/stm32u0xx_hal_spi.o
 .debug_aranges
                0x00000ac8      0x3e0 ./Drivers/STM32U0xx_HAL_Driver/stm32u0xx_hal_tim.o
 .debug_aranges
                0x00000ea8      0x198 ./Drivers/STM32U0xx_HAL_Driver/stm32u0xx_hal_tim_ex.o

.debug_rnglists
                0x00000000      0xca0
 .debug_rnglists
                0x00000000      0x10c ./Application/User/Core/main.o
 .debug_rnglists
                0x0000010c       0x39 ./Application/User/Core/stm32u0xx_hal_msp.o
 .debug_rnglists
                0x00000145       0x2b ./Application/User/Core/stm32u0xx_it.o
 .debug_rnglists
                0x00000170       0x19 ./Application/User/Startup/startup_stm32u031f8px.o
 .debug_rnglists
                0x00000189       0x1a ./Drivers/CMSIS/system_stm32u0xx.o
 .debug_rnglists
                0x000001a3       0xe0 ./Drivers/STM32U0xx_HAL_Driver/stm32u0xx_hal.o
 .debug_rnglists
                0x00000283      0x18b ./Drivers/STM32U0xx_HAL_Driver/stm32u0xx_hal_adc.o
 .debug_rnglists
                0x0000040e       0xaa ./Drivers/STM32U0xx_HAL_Driver/stm32u0xx_hal_cortex.o
 .debug_rnglists
                0x000004b8       0x45 ./Drivers/STM32U0xx_HAL_Driver/stm32u0xx_hal_gpio.o
 .debug_rnglists
                0x000004fd       0xc8 ./Drivers/STM32U0xx_HAL_Driver/stm32u0xx_hal_pwr_ex.o
 .debug_rnglists
                0x000005c5       0x68 ./Drivers/STM32U0xx_HAL_Driver/stm32u0xx_hal_rcc.o
 .debug_rnglists
                0x0000062d       0x81 ./Drivers/STM32U0xx_HAL_Driver/stm32u0xx_hal_rcc_ex.o
 .debug_rnglists
                0x000006ae      0x17a ./Drivers/STM32U0xx_HAL_Driver/stm32u0xx_hal_spi.o
 .debug_rnglists
                0x00000828      0x32a ./Drivers/STM32U0xx_HAL_Driver/stm32u0xx_hal_tim.o
 .debug_rnglists
                0x00000b52      0x14e ./Drivers/STM32U0xx_HAL_Driver/stm32u0xx_hal_tim_ex.o

.debug_macro    0x00000000    0x1af4e
 .debug_macro   0x00000000      0x36c ./Application/User/Core/main.o
 .debug_macro   0x0000036c      0xaae ./Application/User/Core/main.o
 .debug_macro   0x00000e1a      0x124 ./Application/User/Core/main.o
 .debug_macro   0x00000f3e       0x2e ./Application/User/Core/main.o
 .debug_macro   0x00000f6c       0x28 ./Application/User/Core/main.o
 .debug_macro   0x00000f94       0x22 ./Application/User/Core/main.o
 .debug_macro   0x00000fb6       0x8e ./Application/User/Core/main.o
 .debug_macro   0x00001044       0x51 ./Application/User/Core/main.o
 .debug_macro   0x00001095      0x103 ./Application/User/Core/main.o
 .debug_macro   0x00001198       0x6a ./Application/User/Core/main.o
 .debug_macro   0x00001202      0x1df ./Application/User/Core/main.o
 .debug_macro   0x000013e1       0x1c ./Application/User/Core/main.o
 .debug_macro   0x000013fd       0x22 ./Application/User/Core/main.o
 .debug_macro   0x0000141f       0xd1 ./Application/User/Core/main.o
 .debug_macro   0x000014f0      0x4da ./Application/User/Core/main.o
 .debug_macro   0x000019ca      0x11f ./Application/User/Core/main.o
 .debug_macro   0x00001ae9     0xdbe3 ./Application/User/Core/main.o
 .debug_macro   0x0000f6cc       0x6c ./Application/User/Core/main.o
 .debug_macro   0x0000f738     0x3463 ./Application/User/Core/main.o
 .debug_macro   0x00012b9b      0x190 ./Application/User/Core/main.o
 .debug_macro   0x00012d2b       0x5a ./Application/User/Core/main.o
 .debug_macro   0x00012d85     0x11c3 ./Application/User/Core/main.o
 .debug_macro   0x00013f48      0x31a ./Application/User/Core/main.o
 .debug_macro   0x00014262      0x1cf ./Application/User/Core/main.o
 .debug_macro   0x00014431      0x11c ./Application/User/Core/main.o
 .debug_macro   0x0001454d      0x432 ./Application/User/Core/main.o
 .debug_macro   0x0001497f      0x280 ./Application/User/Core/main.o
 .debug_macro   0x00014bff      0x3c3 ./Application/User/Core/main.o
 .debug_macro   0x00014fc2      0x1a5 ./Application/User/Core/main.o
 .debug_macro   0x00015167       0x43 ./Application/User/Core/main.o
 .debug_macro   0x000151aa      0x1f1 ./Application/User/Core/main.o
 .debug_macro   0x0001539b      0x8d7 ./Application/User/Core/main.o
 .debug_macro   0x00015c72      0x5de ./Application/User/Core/main.o
 .debug_macro   0x00016250       0x2e ./Application/User/Core/main.o
 .debug_macro   0x0001627e      0x1b6 ./Application/User/Core/main.o
 .debug_macro   0x00016434      0x359 ./Application/User/Core/main.o
 .debug_macro   0x0001678d       0x2e ./Application/User/Core/main.o
 .debug_macro   0x000167bb       0xe4 ./Application/User/Core/main.o
 .debug_macro   0x0001689f      0x128 ./Application/User/Core/main.o
 .debug_macro   0x000169c7      0x34b ./Application/User/Core/main.o
 .debug_macro   0x00016d12      0x2fe ./Application/User/Core/main.o
 .debug_macro   0x00017010      0xac9 ./Application/User/Core/main.o
 .debug_macro   0x00017ad9      0x13c ./Application/User/Core/main.o
 .debug_macro   0x00017c15      0x693 ./Application/User/Core/main.o
 .debug_macro   0x000182a8       0xa6 ./Application/User/Core/main.o
 .debug_macro   0x0001834e      0x53d ./Application/User/Core/main.o
 .debug_macro   0x0001888b       0x7c ./Application/User/Core/main.o
 .debug_macro   0x00018907       0x61 ./Application/User/Core/main.o
 .debug_macro   0x00018968       0x24 ./Application/User/Core/main.o
 .debug_macro   0x0001898c       0x43 ./Application/User/Core/main.o
 .debug_macro   0x000189cf       0x34 ./Application/User/Core/main.o
 .debug_macro   0x00018a03       0x16 ./Application/User/Core/main.o
 .debug_macro   0x00018a19       0x3c ./Application/User/Core/main.o
 .debug_macro   0x00018a55      0x364 ./Application/User/Core/main.o
 .debug_macro   0x00018db9       0x10 ./Application/User/Core/main.o
 .debug_macro   0x00018dc9       0x16 ./Application/User/Core/main.o
 .debug_macro   0x00018ddf       0x4a ./Application/User/Core/main.o
 .debug_macro   0x00018e29       0x34 ./Application/User/Core/main.o
 .debug_macro   0x00018e5d       0x10 ./Application/User/Core/main.o
 .debug_macro   0x00018e6d       0x58 ./Application/User/Core/main.o
 .debug_macro   0x00018ec5       0x8e ./Application/User/Core/main.o
 .debug_macro   0x00018f53       0x1c ./Application/User/Core/main.o
 .debug_macro   0x00018f6f      0x17e ./Application/User/Core/main.o
 .debug_macro   0x000190ed       0x16 ./Application/User/Core/main.o
 .debug_macro   0x00019103       0x16 ./Application/User/Core/main.o
 .debug_macro   0x00019119      0x146 ./Application/User/Core/main.o
 .debug_macro   0x0001925f       0x16 ./Application/User/Core/main.o
 .debug_macro   0x00019275       0x20 ./Application/User/Core/main.o
 .debug_macro   0x00019295       0x40 ./Application/User/Core/main.o
 .debug_macro   0x000192d5       0x22 ./Application/User/Core/main.o
 .debug_macro   0x000192f7       0x28 ./Application/User/Core/main.o
 .debug_macro   0x0001931f       0x3a ./Application/User/Core/main.o
 .debug_macro   0x00019359      0x222 ./Application/User/Core/stm32u0xx_hal_msp.o
 .debug_macro   0x0001957b      0x22c ./Application/User/Core/stm32u0xx_it.o
 .debug_macro   0x000197a7      0x21f ./Drivers/CMSIS/system_stm32u0xx.o
 .debug_macro   0x000199c6      0x231 ./Drivers/STM32U0xx_HAL_Driver/stm32u0xx_hal.o
 .debug_macro   0x00019bf7      0x237 ./Drivers/STM32U0xx_HAL_Driver/stm32u0xx_hal_adc.o
 .debug_macro   0x00019e2e      0x213 ./Drivers/STM32U0xx_HAL_Driver/stm32u0xx_hal_cortex.o
 .debug_macro   0x0001a041      0x219 ./Drivers/STM32U0xx_HAL_Driver/stm32u0xx_hal_gpio.o
 .debug_macro   0x0001a25a      0x23d ./Drivers/STM32U0xx_HAL_Driver/stm32u0xx_hal_pwr_ex.o
 .debug_macro   0x0001a497      0x243 ./Drivers/STM32U0xx_HAL_Driver/stm32u0xx_hal_rcc.o
 .debug_macro   0x0001a6da      0x225 ./Drivers/STM32U0xx_HAL_Driver/stm32u0xx_hal_rcc_ex.o
 .debug_macro   0x0001a8ff      0x21b ./Drivers/STM32U0xx_HAL_Driver/stm32u0xx_hal_spi.o
 .debug_macro   0x0001ab1a      0x21b ./Drivers/STM32U0xx_HAL_Driver/stm32u0xx_hal_tim.o
 .debug_macro   0x0001ad35      0x219 ./Drivers/STM32U0xx_HAL_Driver/stm32u0xx_hal_tim_ex.o

.debug_line     0x00000000    0x10c15
 .debug_line    0x00000000     0x1319 ./Application/User/Core/main.o
 .debug_line    0x00001319      0x853 ./Application/User/Core/stm32u0xx_hal_msp.o
 .debug_line    0x00001b6c      0x7cc ./Application/User/Core/stm32u0xx_it.o
 .debug_line    0x00002338       0x7b ./Application/User/Startup/startup_stm32u031f8px.o
 .debug_line    0x000023b3      0x84a ./Drivers/CMSIS/system_stm32u0xx.o
 .debug_line    0x00002bfd      0xb46 ./Drivers/STM32U0xx_HAL_Driver/stm32u0xx_hal.o
 .debug_line    0x00003743     0x186a ./Drivers/STM32U0xx_HAL_Driver/stm32u0xx_hal_adc.o
 .debug_line    0x00004fad      0xbc1 ./Drivers/STM32U0xx_HAL_Driver/stm32u0xx_hal_cortex.o
 .debug_line    0x00005b6e      0xb8d ./Drivers/STM32U0xx_HAL_Driver/stm32u0xx_hal_gpio.o
 .debug_line    0x000066fb      0xbfd ./Drivers/STM32U0xx_HAL_Driver/stm32u0xx_hal_pwr_ex.o
 .debug_line    0x000072f8     0x1079 ./Drivers/STM32U0xx_HAL_Driver/stm32u0xx_hal_rcc.o
 .debug_line    0x00008371     0x1092 ./Drivers/STM32U0xx_HAL_Driver/stm32u0xx_hal_rcc_ex.o
 .debug_line    0x00009403     0x1fac ./Drivers/STM32U0xx_HAL_Driver/stm32u0xx_hal_spi.o
 .debug_line    0x0000b3af     0x3c83 ./Drivers/STM32U0xx_HAL_Driver/stm32u0xx_hal_tim.o
 .debug_line    0x0000f032     0x1be3 ./Drivers/STM32U0xx_HAL_Driver/stm32u0xx_hal_tim_ex.o

.debug_str      0x00000000    0xb3a12
 .debug_str     0x00000000    0xb3a12 ./Application/User/Core/main.o
                              0xb0016 (size before relaxing)
 .debug_str     0x000b3a12    0xabc77 ./Application/User/Core/stm32u0xx_hal_msp.o
 .debug_str     0x000b3a12    0xaaecf ./Application/User/Core/stm32u0xx_it.o
 .debug_str     0x000b3a12       0x92 ./Application/User/Startup/startup_stm32u031f8px.o
 .debug_str     0x000b3a12    0xaaf39 ./Drivers/CMSIS/system_stm32u0xx.o
 .debug_str     0x000b3a12    0xab5bc ./Drivers/STM32U0xx_HAL_Driver/stm32u0xx_hal.o
 .debug_str     0x000b3a12    0xabbce ./Drivers/STM32U0xx_HAL_Driver/stm32u0xx_hal_adc.o
 .debug_str     0x000b3a12    0xab29c ./Drivers/STM32U0xx_HAL_Driver/stm32u0xx_hal_cortex.o
 .debug_str     0x000b3a12    0xaaef5 ./Drivers/STM32U0xx_HAL_Driver/stm32u0xx_hal_gpio.o
 .debug_str     0x000b3a12    0xab2b7 ./Drivers/STM32U0xx_HAL_Driver/stm32u0xx_hal_pwr_ex.o
 .debug_str     0x000b3a12    0xab5d0 ./Drivers/STM32U0xx_HAL_Driver/stm32u0xx_hal_rcc.o
 .debug_str     0x000b3a12    0xab464 ./Drivers/STM32U0xx_HAL_Driver/stm32u0xx_hal_rcc_ex.o
 .debug_str     0x000b3a12    0xab7a0 ./Drivers/STM32U0xx_HAL_Driver/stm32u0xx_hal_spi.o
 .debug_str     0x000b3a12    0xac302 ./Drivers/STM32U0xx_HAL_Driver/stm32u0xx_hal_tim.o
 .debug_str     0x000b3a12    0xabc90 ./Drivers/STM32U0xx_HAL_Driver/stm32u0xx_hal_tim_ex.o

.comment        0x00000000       0x43
 .comment       0x00000000       0x43 ./Application/User/Core/main.o
                                 0x44 (size before relaxing)
 .comment       0x00000043       0x44 ./Application/User/Core/stm32u0xx_hal_msp.o
 .comment       0x00000043       0x44 ./Application/User/Core/stm32u0xx_it.o
 .comment       0x00000043       0x44 ./Drivers/CMSIS/system_stm32u0xx.o
 .comment       0x00000043       0x44 ./Drivers/STM32U0xx_HAL_Driver/stm32u0xx_hal.o
 .comment       0x00000043       0x44 ./Drivers/STM32U0xx_HAL_Driver/stm32u0xx_hal_adc.o
 .comment       0x00000043       0x44 ./Drivers/STM32U0xx_HAL_Driver/stm32u0xx_hal_cortex.o
 .comment       0x00000043       0x44 ./Drivers/STM32U0xx_HAL_Driver/stm32u0xx_hal_gpio.o
 .comment       0x00000043       0x44 ./Drivers/STM32U0xx_HAL_Driver/stm32u0xx_hal_pwr_ex.o
 .comment       0x00000043       0x44 ./Drivers/STM32U0xx_HAL_Driver/stm32u0xx_hal_rcc.o
 .comment       0x00000043       0x44 ./Drivers/STM32U0xx_HAL_Driver/stm32u0xx_hal_rcc_ex.o
 .comment       0x00000043       0x44 ./Drivers/STM32U0xx_HAL_Driver/stm32u0xx_hal_spi.o
 .comment       0x00000043       0x44 ./Drivers/STM32U0xx_HAL_Driver/stm32u0xx_hal_tim.o
 .comment       0x00000043       0x44 ./Drivers/STM32U0xx_HAL_Driver/stm32u0xx_hal_tim_ex.o

.debug_frame    0x00000000     0x3c08
 .debug_frame   0x00000000      0x520 ./Application/User/Core/main.o
 .debug_frame   0x00000520       0xf0 ./Application/User/Core/stm32u0xx_hal_msp.o
 .debug_frame   0x00000610       0x9c ./Application/User/Core/stm32u0xx_it.o
 .debug_frame   0x000006ac       0x50 ./Drivers/CMSIS/system_stm32u0xx.o
 .debug_frame   0x000006fc      0x40c ./Drivers/STM32U0xx_HAL_Driver/stm32u0xx_hal.o
 .debug_frame   0x00000b08      0x7cc ./Drivers/STM32U0xx_HAL_Driver/stm32u0xx_hal_adc.o
 .debug_frame   0x000012d4      0x33c ./Drivers/STM32U0xx_HAL_Driver/stm32u0xx_hal_cortex.o
 .debug_frame   0x00001610      0x130 ./Drivers/STM32U0xx_HAL_Driver/stm32u0xx_hal_gpio.o
 .debug_frame   0x00001740      0x388 ./Drivers/STM32U0xx_HAL_Driver/stm32u0xx_hal_pwr_ex.o
 .debug_frame   0x00001ac8      0x1c4 ./Drivers/STM32U0xx_HAL_Driver/stm32u0xx_hal_rcc.o
 .debug_frame   0x00001c8c      0x23c ./Drivers/STM32U0xx_HAL_Driver/stm32u0xx_hal_rcc_ex.o
 .debug_frame   0x00001ec8      0x710 ./Drivers/STM32U0xx_HAL_Driver/stm32u0xx_hal_spi.o
 .debug_frame   0x000025d8      0xf40 ./Drivers/STM32U0xx_HAL_Driver/stm32u0xx_hal_tim.o
 .debug_frame   0x00003518      0x620 ./Drivers/STM32U0xx_HAL_Driver/stm32u0xx_hal_tim_ex.o
 .debug_frame   0x00003b38       0x20 /opt/st/stm32cubeide_2.2.0/plugins/com.st.stm32cube.ide.mcu.externaltools.gnu-tools-for-stm32.14.3.rel1.linux64_1.0.100.202602081740/tools/bin/../lib/gcc/arm-none-eabi/14.3.1/../../../../arm-none-eabi/lib/thumb/v6-m/nofp/libc_nano.a(libc_a-memset.o)
 .debug_frame   0x00003b58       0x2c /opt/st/stm32cubeide_2.2.0/plugins/com.st.stm32cube.ide.mcu.externaltools.gnu-tools-for-stm32.14.3.rel1.linux64_1.0.100.202602081740/tools/bin/../lib/gcc/arm-none-eabi/14.3.1/../../../../arm-none-eabi/lib/thumb/v6-m/nofp/libc_nano.a(libc_a-init.o)
 .debug_frame   0x00003b84       0x20 /opt/st/stm32cubeide_2.2.0/plugins/com.st.stm32cube.ide.mcu.externaltools.gnu-tools-for-stm32.14.3.rel1.linux64_1.0.100.202602081740/tools/bin/../lib/gcc/arm-none-eabi/14.3.1/thumb/v6-m/nofp/libgcc.a(_udivsi3.o)
 .debug_frame   0x00003ba4       0x38 /opt/st/stm32cubeide_2.2.0/plugins/com.st.stm32cube.ide.mcu.externaltools.gnu-tools-for-stm32.14.3.rel1.linux64_1.0.100.202602081740/tools/bin/../lib/gcc/arm-none-eabi/14.3.1/thumb/v6-m/nofp/libgcc.a(divsf3.o)
 .debug_frame   0x00003bdc       0x2c /opt/st/stm32cubeide_2.2.0/plugins/com.st.stm32cube.ide.mcu.externaltools.gnu-tools-for-stm32.14.3.rel1.linux64_1.0.100.202602081740/tools/bin/../lib/gcc/arm-none-eabi/14.3.1/thumb/v6-m/nofp/libgcc.a(floatsisf.o)

.debug_line_str
                0x00000000       0x76
 .debug_line_str
                0x00000000       0x76 ./Application/User/Startup/startup_stm32u031f8px.o
