/home/akash/Documents/SIH26/Multi Modular Node/Core/Src/stm32u0xx_hal_msp.c:62:6:HAL_MspInit	8	static
/home/akash/Documents/SIH26/Multi Modular Node/Core/Src/stm32u0xx_hal_msp.c:85:6:HAL_ADC_MspInit	96	static
/home/akash/Documents/SIH26/Multi Modular Node/Core/Src/stm32u0xx_hal_msp.c:132:6:HAL_ADC_MspDeInit	8	static
/home/akash/Documents/SIH26/Multi Modular Node/Core/Src/stm32u0xx_hal_msp.c:162:6:HAL_SPI_MspInit	40	static
/home/akash/Documents/SIH26/Multi Modular Node/Core/Src/stm32u0xx_hal_msp.c:200:6:HAL_SPI_MspDeInit	8	static
/home/akash/Documents/SIH26/Multi Modular Node/Core/Src/stm32u0xx_hal_msp.c:230:6:HAL_TIM_Base_MspInit	8	static
/home/akash/Documents/SIH26/Multi Modular Node/Core/Src/stm32u0xx_hal_msp.c:252:6:HAL_TIM_Base_MspDeInit	0	static
