../../Core/Inc/bmp280.c:37:16:BMP_ReadReg	1
../../Core/Inc/bmp280.c:49:13:BMP_ReadRegs	1
../../Core/Inc/bmp280.c:59:13:BMP_WriteReg	1
../../Core/Inc/bmp280.c:85:13:BMP_ReadCalibration	1
../../Core/Inc/bmp280.c:106:16:BMP_CompensateTemp	1
../../Core/Inc/bmp280.c:121:17:BMP_CompensatePressure	3
../../Core/Inc/bmp280.c:150:13:Log	1
../../Core/Inc/bmp280.c:161:6:BMP280_RunDemo	2
/home/akash/Documents/SIH26/Multi Modular Node/Core/Src/w25q64.c:40:20:W25Q64_CS_Low	1
/home/akash/Documents/SIH26/Multi Modular Node/Core/Src/w25q64.c:45:20:W25Q64_CS_High	1
/home/akash/Documents/SIH26/Multi Modular Node/Core/Src/w25q64.c:55:20:W25Q64_SPI_Tx	1
/home/akash/Documents/SIH26/Multi Modular Node/Core/Src/w25q64.c:60:20:W25Q64_SPI_Rx	2
/home/akash/Documents/SIH26/Multi Modular Node/Core/Src/w25q64.c:69:13:W25Q64_SendAddr	1
/home/akash/Documents/SIH26/Multi Modular Node/Core/Src/w25q64.c:81:6:W25Q64_Init	1
/home/akash/Documents/SIH26/Multi Modular Node/Core/Src/w25q64.c:88:10:W25Q64_ReadJEDECID	1
/home/akash/Documents/SIH26/Multi Modular Node/Core/Src/w25q64.c:101:6:W25Q64_IsBusy	1
/home/akash/Documents/SIH26/Multi Modular Node/Core/Src/w25q64.c:114:6:W25Q64_WaitUntilReady	2
/home/akash/Documents/SIH26/Multi Modular Node/Core/Src/w25q64.c:121:13:W25Q64_WriteEnable	1
/home/akash/Documents/SIH26/Multi Modular Node/Core/Src/w25q64.c:129:6:W25Q64_ReadData	1
/home/akash/Documents/SIH26/Multi Modular Node/Core/Src/w25q64.c:139:6:W25Q64_PageProgram	4
/home/akash/Documents/SIH26/Multi Modular Node/Core/Src/w25q64.c:161:6:W25Q64_WritePages	4
/home/akash/Documents/SIH26/Multi Modular Node/Core/Src/w25q64.c:183:6:W25Q64_SectorErase	1
/home/akash/Documents/SIH26/Multi Modular Node/Core/Src/w25q64.c:195:6:W25Q64_ChipErase	1
/home/akash/Documents/SIH26/Multi Modular Node/Core/Src/w25q64.c:209:6:W25Q64_demo	1
/home/akash/Documents/SIH26/Multi Modular Node/Core/Src/dht22.c:21:20:DHT22_DelayUs	2
/home/akash/Documents/SIH26/Multi Modular Node/Core/Src/dht22.c:28:13:DHT22_SetOutput	1
/home/akash/Documents/SIH26/Multi Modular Node/Core/Src/dht22.c:38:13:DHT22_SetInput	1
/home/akash/Documents/SIH26/Multi Modular Node/Core/Src/dht22.c:47:20:DHT22_Write	1
/home/akash/Documents/SIH26/Multi Modular Node/Core/Src/dht22.c:52:29:DHT22_ReadPin	1
/home/akash/Documents/SIH26/Multi Modular Node/Core/Src/dht22.c:58:16:DHT22_WaitForLevel	3
/home/akash/Documents/SIH26/Multi Modular Node/Core/Src/dht22.c:70:6:DHT22_Init	1
/home/akash/Documents/SIH26/Multi Modular Node/Core/Src/dht22.c:77:16:DHT22_Read	14
/home/akash/Documents/SIH26/Multi Modular Node/Core/Src/dht22.c:152:6:DHT22_Demo	1
/home/akash/Documents/SIH26/Multi Modular Node/Core/Src/mq135.c:33:6:MQ135_Init	1
/home/akash/Documents/SIH26/Multi Modular Node/Core/Src/mq135.c:38:14:MQ135_Read	5
/home/akash/Documents/SIH26/Multi Modular Node/Core/Src/mq135.c:75:6:MQ135_Demo	1
/home/akash/Documents/SIH26/Multi Modular Node/Core/Src/nrf24.c:64:20:NRF24_CsnLow	1
/home/akash/Documents/SIH26/Multi Modular Node/Core/Src/nrf24.c:65:20:NRF24_CsnHigh	1
/home/akash/Documents/SIH26/Multi Modular Node/Core/Src/nrf24.c:66:20:NRF24_CeLow	1
/home/akash/Documents/SIH26/Multi Modular Node/Core/Src/nrf24.c:67:20:NRF24_CeHigh	1
/home/akash/Documents/SIH26/Multi Modular Node/Core/Src/nrf24.c:70:16:NRF24_ReadReg	1
/home/akash/Documents/SIH26/Multi Modular Node/Core/Src/nrf24.c:82:13:NRF24_WriteReg	1
/home/akash/Documents/SIH26/Multi Modular Node/Core/Src/nrf24.c:91:13:NRF24_WriteRegMulti	1
/home/akash/Documents/SIH26/Multi Modular Node/Core/Src/nrf24.c:101:16:NRF24_GetStatus	1
/home/akash/Documents/SIH26/Multi Modular Node/Core/Src/nrf24.c:113:13:NRF24_FlushTx	1
/home/akash/Documents/SIH26/Multi Modular Node/Core/Src/nrf24.c:121:13:NRF24_FlushRx	1
/home/akash/Documents/SIH26/Multi Modular Node/Core/Src/nrf24.c:129:13:NRF24_ApplyAddress	1
/home/akash/Documents/SIH26/Multi Modular Node/Core/Src/nrf24.c:136:6:NRF24_Init	1
/home/akash/Documents/SIH26/Multi Modular Node/Core/Src/nrf24.c:167:9:NRF24_SelfTest	2
/home/akash/Documents/SIH26/Multi Modular Node/Core/Src/nrf24.c:185:6:NRF24_SetAddress	1
/home/akash/Documents/SIH26/Multi Modular Node/Core/Src/nrf24.c:191:6:NRF24_SetChannel	1
/home/akash/Documents/SIH26/Multi Modular Node/Core/Src/nrf24.c:197:6:NRF24_SetTxMode	1
/home/akash/Documents/SIH26/Multi Modular Node/Core/Src/nrf24.c:205:6:NRF24_SetRxMode	1
/home/akash/Documents/SIH26/Multi Modular Node/Core/Src/nrf24.c:214:18:NRF24_Transmit	6
/home/akash/Documents/SIH26/Multi Modular Node/Core/Src/nrf24.c:260:9:NRF24_Available	2
/home/akash/Documents/SIH26/Multi Modular Node/Core/Src/nrf24.c:265:6:NRF24_Receive	1
/home/akash/Documents/SIH26/Multi Modular Node/Core/Src/nrf24.c:277:6:NRF24_Demo	1
/home/akash/Documents/SIH26/Multi Modular Node/Core/Src/main.c:80:5:main	1
/home/akash/Documents/SIH26/Multi Modular Node/Core/Src/main.c:150:6:SystemClock_Config	3
/home/akash/Documents/SIH26/Multi Modular Node/Core/Src/main.c:190:13:MX_ADC1_Init	5
/home/akash/Documents/SIH26/Multi Modular Node/Core/Src/main.c:267:13:MX_SPI2_Init	2
/home/akash/Documents/SIH26/Multi Modular Node/Core/Src/main.c:312:13:MX_TIM6_Init	3
/home/akash/Documents/SIH26/Multi Modular Node/Core/Src/main.c:338:13:MX_USART3_UART_Init	5
/home/akash/Documents/SIH26/Multi Modular Node/Core/Src/main.c:386:13:MX_GPIO_Init	1
/home/akash/Documents/SIH26/Multi Modular Node/Core/Src/main.c:461:6:Error_Handler	1
