../../Core/Inc/bmp280.c:42:16:BMP_ReadReg	40	static
../../Core/Inc/bmp280.c:54:13:BMP_ReadRegs	32	static
../../Core/Inc/bmp280.c:64:13:BMP_WriteReg	32	static
../../Core/Inc/bmp280.c:90:13:BMP_ReadCalibration	32	static
../../Core/Inc/bmp280.c:111:16:BMP_CompensateTemp	24	static
../../Core/Inc/bmp280.c:126:17:BMP_CompensatePressure	208	static
../../Core/Inc/bmp280.c:155:13:Log	16	static
../../Core/Inc/bmp280.c:167:6:BMP280_Init	8	static
../../Core/Inc/bmp280.c:179:17:BMP280_Read	56	static
../../Core/Inc/bmp280.c:218:6:BMP280_RunDemo	136	static
/home/akash/Documents/SIH26/Multi Modular Node/Core/Src/w25q64.c:40:20:W25Q64_CS_Low	8	static
/home/akash/Documents/SIH26/Multi Modular Node/Core/Src/w25q64.c:45:20:W25Q64_CS_High	8	static
/home/akash/Documents/SIH26/Multi Modular Node/Core/Src/w25q64.c:55:20:W25Q64_SPI_Tx	24	static
/home/akash/Documents/SIH26/Multi Modular Node/Core/Src/w25q64.c:60:20:W25Q64_SPI_Rx	40	static
/home/akash/Documents/SIH26/Multi Modular Node/Core/Src/w25q64.c:69:13:W25Q64_SendAddr	24	static
/home/akash/Documents/SIH26/Multi Modular Node/Core/Src/w25q64.c:81:6:W25Q64_Init	16	static
/home/akash/Documents/SIH26/Multi Modular Node/Core/Src/w25q64.c:88:10:W25Q64_ReadJEDECID	16	static
/home/akash/Documents/SIH26/Multi Modular Node/Core/Src/w25q64.c:101:6:W25Q64_IsBusy	16	static
/home/akash/Documents/SIH26/Multi Modular Node/Core/Src/w25q64.c:114:6:W25Q64_WaitUntilReady	8	static
/home/akash/Documents/SIH26/Multi Modular Node/Core/Src/w25q64.c:121:13:W25Q64_WriteEnable	16	static
/home/akash/Documents/SIH26/Multi Modular Node/Core/Src/w25q64.c:129:6:W25Q64_ReadData	24	static
/home/akash/Documents/SIH26/Multi Modular Node/Core/Src/w25q64.c:139:6:W25Q64_PageProgram	24	static
/home/akash/Documents/SIH26/Multi Modular Node/Core/Src/w25q64.c:161:6:W25Q64_WritePages	40	static
/home/akash/Documents/SIH26/Multi Modular Node/Core/Src/w25q64.c:183:6:W25Q64_SectorErase	16	static
/home/akash/Documents/SIH26/Multi Modular Node/Core/Src/w25q64.c:195:6:W25Q64_ChipErase	16	static
/home/akash/Documents/SIH26/Multi Modular Node/Core/Src/w25q64.c:209:6:W25Q64_demo	72	static
/home/akash/Documents/SIH26/Multi Modular Node/Core/Src/dht22.c:21:20:DHT22_DelayUs	16	static
/home/akash/Documents/SIH26/Multi Modular Node/Core/Src/dht22.c:28:13:DHT22_SetOutput	32	static
/home/akash/Documents/SIH26/Multi Modular Node/Core/Src/dht22.c:38:13:DHT22_SetInput	32	static
/home/akash/Documents/SIH26/Multi Modular Node/Core/Src/dht22.c:47:20:DHT22_Write	16	static
/home/akash/Documents/SIH26/Multi Modular Node/Core/Src/dht22.c:52:29:DHT22_ReadPin	8	static
/home/akash/Documents/SIH26/Multi Modular Node/Core/Src/dht22.c:58:16:DHT22_WaitForLevel	16	static
/home/akash/Documents/SIH26/Multi Modular Node/Core/Src/dht22.c:70:6:DHT22_Init	16	static
/home/akash/Documents/SIH26/Multi Modular Node/Core/Src/dht22.c:77:16:DHT22_Read	56	static
/home/akash/Documents/SIH26/Multi Modular Node/Core/Src/dht22.c:152:6:DHT22_Demo	16	static
/home/akash/Documents/SIH26/Multi Modular Node/Core/Src/mq135.c:35:6:MQ135_Init	16	static
/home/akash/Documents/SIH26/Multi Modular Node/Core/Src/mq135.c:40:14:MQ135_Read	72	static
/home/akash/Documents/SIH26/Multi Modular Node/Core/Src/mq135.c:83:6:MQ135_Demo	32	static
/home/akash/Documents/SIH26/Multi Modular Node/Core/Src/nrf24.c:64:20:NRF24_CsnLow	8	static
/home/akash/Documents/SIH26/Multi Modular Node/Core/Src/nrf24.c:65:20:NRF24_CsnHigh	8	static
/home/akash/Documents/SIH26/Multi Modular Node/Core/Src/nrf24.c:66:20:NRF24_CeLow	8	static
/home/akash/Documents/SIH26/Multi Modular Node/Core/Src/nrf24.c:67:20:NRF24_CeHigh	8	static
/home/akash/Documents/SIH26/Multi Modular Node/Core/Src/nrf24.c:70:16:NRF24_ReadReg	40	static
/home/akash/Documents/SIH26/Multi Modular Node/Core/Src/nrf24.c:82:13:NRF24_WriteReg	32	static
/home/akash/Documents/SIH26/Multi Modular Node/Core/Src/nrf24.c:91:13:NRF24_WriteRegMulti	32	static
/home/akash/Documents/SIH26/Multi Modular Node/Core/Src/nrf24.c:101:16:NRF24_GetStatus	24	static
/home/akash/Documents/SIH26/Multi Modular Node/Core/Src/nrf24.c:113:13:NRF24_FlushTx	16	static
/home/akash/Documents/SIH26/Multi Modular Node/Core/Src/nrf24.c:121:13:NRF24_FlushRx	16	static
/home/akash/Documents/SIH26/Multi Modular Node/Core/Src/nrf24.c:129:13:NRF24_ApplyAddress	8	static
/home/akash/Documents/SIH26/Multi Modular Node/Core/Src/nrf24.c:136:6:NRF24_Init	16	static
/home/akash/Documents/SIH26/Multi Modular Node/Core/Src/nrf24.c:167:9:NRF24_SelfTest	24	static
/home/akash/Documents/SIH26/Multi Modular Node/Core/Src/nrf24.c:185:6:NRF24_SetAddress	16	static
/home/akash/Documents/SIH26/Multi Modular Node/Core/Src/nrf24.c:191:6:NRF24_SetChannel	16	static
/home/akash/Documents/SIH26/Multi Modular Node/Core/Src/nrf24.c:197:6:NRF24_SetTxMode	24	static
/home/akash/Documents/SIH26/Multi Modular Node/Core/Src/nrf24.c:205:6:NRF24_SetRxMode	24	static
/home/akash/Documents/SIH26/Multi Modular Node/Core/Src/nrf24.c:214:18:NRF24_Transmit	72	static
/home/akash/Documents/SIH26/Multi Modular Node/Core/Src/nrf24.c:261:9:NRF24_Available	8	static
/home/akash/Documents/SIH26/Multi Modular Node/Core/Src/nrf24.c:266:6:NRF24_Receive	32	static
/home/akash/Documents/SIH26/Multi Modular Node/Core/Src/nrf24.c:278:6:NRF24_Demo	48	static
/home/akash/Documents/SIH26/Multi Modular Node/Core/Src/main.c:96:5:main	72	static
/home/akash/Documents/SIH26/Multi Modular Node/Core/Src/main.c:176:6:SystemClock_Config	104	static
/home/akash/Documents/SIH26/Multi Modular Node/Core/Src/main.c:216:13:MX_ADC1_Init	24	static
/home/akash/Documents/SIH26/Multi Modular Node/Core/Src/main.c:299:13:MX_SPI2_Init	8	static
/home/akash/Documents/SIH26/Multi Modular Node/Core/Src/main.c:344:13:MX_TIM6_Init	24	static
/home/akash/Documents/SIH26/Multi Modular Node/Core/Src/main.c:370:13:MX_USART3_UART_Init	8	static
/home/akash/Documents/SIH26/Multi Modular Node/Core/Src/main.c:418:13:MX_GPIO_Init	56	static
/home/akash/Documents/SIH26/Multi Modular Node/Core/Src/main.c:493:6:Error_Handler	8	static,ignoring_inline_asm
