../../Core/Inc/bmp280.c:37:16:BMP_ReadReg	40	static
../../Core/Inc/bmp280.c:49:13:BMP_ReadRegs	32	static
../../Core/Inc/bmp280.c:59:13:BMP_WriteReg	32	static
../../Core/Inc/bmp280.c:85:13:BMP_ReadCalibration	32	static
../../Core/Inc/bmp280.c:106:16:BMP_CompensateTemp	24	static
../../Core/Inc/bmp280.c:121:17:BMP_CompensatePressure	208	static
../../Core/Inc/bmp280.c:150:13:Log	16	static
../../Core/Inc/bmp280.c:161:6:BMP280_RunDemo	136	static
/home/akash/Documents/SIH26/Multi Modular Node/Core/Src/w25q64.c:40:20:W25Q64_CS_Low	8	static
/home/akash/Documents/SIH26/Multi Modular Node/Core/Src/w25q64.c:45:20:W25Q64_CS_High	8	static
/home/akash/Documents/SIH26/Multi Modular Node/Core/Src/w25q64.c:55:20:W25Q64_SPI_Tx	24	static
/home/akash/Documents/SIH26/Multi Modular Node/Core/Src/w25q64.c:60:20:W25Q64_SPI_Rx	40	static
/home/akash/Documents/SIH26/Multi Modular Node/Core/Src/w25q64.c:69:13:W25Q64_SendAddr	24	static
/home/akash/Documents/SIH26/Multi Modular Node/Core/Src/w25q64.c:81:6:W25Q64_Init	16	static
/home/akash/Documents/SIH26/Multi Modular Node/Core/Src/w25q64.c:88:10:W25Q64_ReadJEDECID	16	static
/home/akash/Documents/SIH26/Multi Modular Node/Core/Src/w25q64.c:101:6:W25Q64_IsBusy	16	static
/home/akash/Documents/SIH26/Multi Modular Node/Core/Src/w25q64.c:114:6:W25Q64_WaitUntilReady	8	static
/home/akash/Documents/SIH26/Multi Modular Node/Core/Src/w25q64.c:121:13:W25Q64_WriteEnable	16	static
/home/akash/Documents/SIH26/Multi Modular Node/Core/Src/w25q64.c:129:6:W25Q64_ReadData	24	static
/home/akash/Documents/SIH26/Multi Modular Node/Core/Src/w25q64.c:139:6:W25Q64_PageProgram	24	static
/home/akash/Documents/SIH26/Multi Modular Node/Core/Src/w25q64.c:161:6:W25Q64_WritePages	40	static
/home/akash/Documents/SIH26/Multi Modular Node/Core/Src/w25q64.c:183:6:W25Q64_SectorErase	16	static
/home/akash/Documents/SIH26/Multi Modular Node/Core/Src/w25q64.c:195:6:W25Q64_ChipErase	16	static
/home/akash/Documents/SIH26/Multi Modular Node/Core/Src/w25q64.c:209:6:W25Q64_demo	72	static
/home/akash/Documents/SIH26/Multi Modular Node/Core/Src/dht22.c:21:20:DHT22_DelayUs	16	static
/home/akash/Documents/SIH26/Multi Modular Node/Core/Src/dht22.c:28:13:DHT22_SetOutput	32	static
/home/akash/Documents/SIH26/Multi Modular Node/Core/Src/dht22.c:38:13:DHT22_SetInput	32	static
/home/akash/Documents/SIH26/Multi Modular Node/Core/Src/dht22.c:47:20:DHT22_Write	16	static
/home/akash/Documents/SIH26/Multi Modular Node/Core/Src/dht22.c:52:29:DHT22_ReadPin	8	static
/home/akash/Documents/SIH26/Multi Modular Node/Core/Src/dht22.c:58:16:DHT22_WaitForLevel	16	static
/home/akash/Documents/SIH26/Multi Modular Node/Core/Src/dht22.c:70:6:DHT22_Init	16	static
/home/akash/Documents/SIH26/Multi Modular Node/Core/Src/dht22.c:77:16:DHT22_Read	56	static
/home/akash/Documents/SIH26/Multi Modular Node/Core/Src/dht22.c:152:6:DHT22_Demo	16	static
/home/akash/Documents/SIH26/Multi Modular Node/Core/Src/mq135.c:33:6:MQ135_Init	16	static
/home/akash/Documents/SIH26/Multi Modular Node/Core/Src/mq135.c:38:14:MQ135_Read	48	static
/home/akash/Documents/SIH26/Multi Modular Node/Core/Src/mq135.c:75:6:MQ135_Demo	32	static
/home/akash/Documents/SIH26/Multi Modular Node/Core/Src/main.c:79:5:main	48	static
/home/akash/Documents/SIH26/Multi Modular Node/Core/Src/main.c:142:6:SystemClock_Config	104	static
/home/akash/Documents/SIH26/Multi Modular Node/Core/Src/main.c:182:13:MX_ADC1_Init	24	static
/home/akash/Documents/SIH26/Multi Modular Node/Core/Src/main.c:259:13:MX_SPI2_Init	8	static
/home/akash/Documents/SIH26/Multi Modular Node/Core/Src/main.c:304:13:MX_TIM6_Init	24	static
/home/akash/Documents/SIH26/Multi Modular Node/Core/Src/main.c:330:13:MX_USART3_UART_Init	8	static
/home/akash/Documents/SIH26/Multi Modular Node/Core/Src/main.c:378:13:MX_GPIO_Init	56	static
/home/akash/Documents/SIH26/Multi Modular Node/Core/Src/main.c:453:6:Error_Handler	8	static,ignoring_inline_asm
