../../Core/Inc/bmp280.c:37:16:BMP_ReadReg	1
../../Core/Inc/bmp280.c:49:13:BMP_ReadRegs	1
../../Core/Inc/bmp280.c:59:13:BMP_WriteReg	1
../../Core/Inc/bmp280.c:85:13:BMP_ReadCalibration	1
../../Core/Inc/bmp280.c:106:16:BMP_CompensateTemp	1
../../Core/Inc/bmp280.c:121:17:BMP_CompensatePressure	3
../../Core/Inc/bmp280.c:150:13:Log	1
../../Core/Inc/bmp280.c:161:6:BMP280_RunDemo	2
/home/akash/Documents/SIH26/Multi Modular Node/Core/Src/w25q64.c:40:20:W25Q64_CS_Low	1
/home/akash/Documents/SIH26/Multi Modular Node/Core/Src/w25q64.c:45:20:W25Q64_CS_High	1
/home/akash/Documents/SIH26/Multi Modular Node/Core/Src/w25q64.c:55:20:W25Q64_SPI_Tx	1
/home/akash/Documents/SIH26/Multi Modular Node/Core/Src/w25q64.c:60:20:W25Q64_SPI_Rx	2
/home/akash/Documents/SIH26/Multi Modular Node/Core/Src/w25q64.c:69:13:W25Q64_SendAddr	1
/home/akash/Documents/SIH26/Multi Modular Node/Core/Src/w25q64.c:81:6:W25Q64_Init	1
/home/akash/Documents/SIH26/Multi Modular Node/Core/Src/w25q64.c:88:10:W25Q64_ReadJEDECID	1
/home/akash/Documents/SIH26/Multi Modular Node/Core/Src/w25q64.c:101:6:W25Q64_IsBusy	1
/home/akash/Documents/SIH26/Multi Modular Node/Core/Src/w25q64.c:114:6:W25Q64_WaitUntilReady	2
/home/akash/Documents/SIH26/Multi Modular Node/Core/Src/w25q64.c:121:13:W25Q64_WriteEnable	1
/home/akash/Documents/SIH26/Multi Modular Node/Core/Src/w25q64.c:129:6:W25Q64_ReadData	1
/home/akash/Documents/SIH26/Multi Modular Node/Core/Src/w25q64.c:139:6:W25Q64_PageProgram	4
/home/akash/Documents/SIH26/Multi Modular Node/Core/Src/w25q64.c:161:6:W25Q64_WritePages	4
/home/akash/Documents/SIH26/Multi Modular Node/Core/Src/w25q64.c:183:6:W25Q64_SectorErase	1
/home/akash/Documents/SIH26/Multi Modular Node/Core/Src/w25q64.c:195:6:W25Q64_ChipErase	1
/home/akash/Documents/SIH26/Multi Modular Node/Core/Src/w25q64.c:209:6:W25Q64_demo	1
/home/akash/Documents/SIH26/Multi Modular Node/Core/Src/main.c:74:5:main	1
/home/akash/Documents/SIH26/Multi Modular Node/Core/Src/main.c:128:6:SystemClock_Config	3
/home/akash/Documents/SIH26/Multi Modular Node/Core/Src/main.c:168:13:MX_ADC1_Init	5
/home/akash/Documents/SIH26/Multi Modular Node/Core/Src/main.c:243:13:MX_SPI2_Init	2
/home/akash/Documents/SIH26/Multi Modular Node/Core/Src/main.c:284:13:MX_USART3_UART_Init	5
/home/akash/Documents/SIH26/Multi Modular Node/Core/Src/main.c:332:13:MX_GPIO_Init	1
/home/akash/Documents/SIH26/Multi Modular Node/Core/Src/main.c:407:6:Error_Handler	1
